================================================================
 COORDINATOR AUTHORITY — ADVERSARIALS (R2.3, punt 8)
================================================================

=== AUTH-01: worker cannot create assignment ===
  PASS AUTH-01 calibrate amb assignació inexistent -> REJECTED — ModelRecoveryError: unknown_assignment

=== AUTH-02: unknown assignment calibration rejected ===
  PASS AUTH-02 unknown assignment -> REJECTED — ModelRecoveryError: unknown_assignment

=== AUTH-03: wrong base model rejected ===
  PASS AUTH-03 base model incorrecte -> REJECTED — ModelRecoveryError: base_model_mismatch

=== AUTH-04: second worker wrong base rejected ===
  PASS AUTH-04 worker B amb base Y (ronda espera B0) -> REJECTED — ModelRecoveryError: base_model_mismatch

=== AUTH-05: wrong adapter_0_sha rejected ===
  PASS AUTH-05 adapter_0_sha incorrecte -> REJECTED — ModelRecoveryError: adapter_0_sha_mismatch

=== AUTH-06: stale adapter_pre_hash rejected ===
  PASS AUTH-06 stale adapter_pre_hash -> REJECTED — adapter_pre_hash_mismatch
  PASS AUTH-06 pre_hash no verificat -> REJECTED — ModelRecoveryError: adapter_pre_hash_mismatch

=== AUTH-07: wrong shard_id rejected ===
  PASS AUTH-07 worker A declara shard-B -> REJECTED — ModelRecoveryError: shard_mismatch

=== AUTH-08: wrong shard_manifest_sha rejected ===
  PASS AUTH-08 shard manifest incorrecte -> REJECTED — ModelRecoveryError: shard_manifest_mismatch

=== AUTH-09: fake ETT rejected ===
  PASS AUTH-09 ETT incorrecte (esperat 100, envia 77) -> REJECTED — ModelRecoveryError: ett_mismatch

=== AUTH-10: extreme ETT 999999 rejected ===
  PASS AUTH-10 ETT 999999 -> REJECTED — ModelRecoveryError: ett_mismatch

=== AUTH-11: contribution different base rejected ===
  PASS AUTH-11 contribution lligada a l'assignació amb base B0 (no pot ser d'un altre base)
  PASS AUTH-11 contribució d'un altre round -> no_contribution — ModelRecoveryError: cannot_activate

=== AUTH-12: contribution different adapter baseline rejected ===
  PASS AUTH-12 adapter baseline diferent -> REJECTED — adapter_pre_hash_mismatch

=== AUTH-13: FedAvg refuses heterogeneous adapter_pre_hash ===
  PASS AUTH-13 FedAvg amb pre_hash heterogeni -> REJECTED — ModelRecoveryError: fedavg_baseline_mismatch

=== AUTH-14: worker cannot overwrite an existing assignment ===
  PASS AUTH-14 reassignació d'asg-A -> REJECTED — ModelRecoveryError: assignment_exists

=== PUNT 9: PROVA D'EXPLOTACIÓ ===
  Worker A: base=A shard=shard-B adapter=111.. ETT=999999
  Worker B: base=B shard=shard-A adapter=222.. ETT=1
  PASS EXPLOIT Worker A (base=A, shard-B, adapter=111, ETT=999999) — ModelRecoveryError: base_model_mismatch
  PASS EXPLOIT Worker B (base=B, shard-A, adapter=222, ETT=1) — ModelRecoveryError: base_model_mismatch
  PASS EXPLOIT FedAvg no executable (cap contribució vàlida) — ModelRecoveryError: fedavg_baseline_mismatch

=== COORDINATOR AUTHORITY: 19/19 PASS ===
