adapter_0 86e548fba3bd6392 base=13cb2fcce8f388cf backend=dummy
  [coord] assignment asg-A -> shard-A expected_ett=41
  [coord] assignment asg-B -> shard-B expected_ett=43
  PASS coordinator: round r1 creada (model_rounds)
  PASS coordinator: assignments A/B creades
[worker:w-A] [w-A] 29850 REGISTERED base=13cb2fcce8f388cf
[worker:w-A] [w-A] CALIBRATED ett=41 expected=41
[worker:w-A] [w-A] ASSIGNMENT shard=shard-A
[worker:w-A] [w-A] LEASE ls_25950608c ttl=1786703103.2191496
[worker:w-A] [w-A] step.open OK
[worker:w-A] [w-A] TRAINED 4 exemples ett=41 delta=6b4e72960e5d8412 0s
[worker:w-A] [w-A] APPLIED receipt=tr_61acef98eafa4
[worker:w-A] [w-A] COMMITTED
[worker:w-A] [w-A] CHECKPOINT cid=tr_61acef98eafa4
[worker:w-A] [w-A] CONTRIBUTION SUBMITTED tr_61acef98eafa4 (validate+activate = ADMIN)
[worker:w-A] [w-A] RELEASED
[worker:w-A] [w-A] EVIDENCE /root/meshtrainer/qwen_distributed_output/evidence_w-A.json
[worker:w-A] WORKER_DONE w-A
  PASS worker A (subprocess, shard A)
[worker:w-B] [w-B] 29865 REGISTERED base=13cb2fcce8f388cf
[worker:w-B] [w-B] CALIBRATED ett=43 expected=43
[worker:w-B] [w-B] ASSIGNMENT shard=shard-B
[worker:w-B] [w-B] LEASE ls_9245c974f ttl=1786703104.845466
[worker:w-B] [w-B] step.open OK
[worker:w-B] [w-B] TRAINED 4 exemples ett=43 delta=f63d64771173ed2c 0s
[worker:w-B] [w-B] APPLIED receipt=tr_1c4b21e3a19e4
[worker:w-B] [w-B] COMMITTED
[worker:w-B] [w-B] CHECKPOINT cid=tr_1c4b21e3a19e4
[worker:w-B] [w-B] CONTRIBUTION SUBMITTED tr_1c4b21e3a19e4 (validate+activate = ADMIN)
[worker:w-B] [w-B] RELEASED
[worker:w-B] [w-B] EVIDENCE /root/meshtrainer/qwen_distributed_output/evidence_w-B.json
[worker:w-B] WORKER_DONE w-B
  PASS worker B (subprocess, shard B)
  PASS mateix base_model_hash (A==B)
  PASS shard manifests diferents
  PASS worker_ids diferents
  PASS sessions diferents
  PASS leases diferents
  PASS ETT_A > 0 i ETT_B > 0 (dummy: ETT real per exemple) — 41 vs 43
  [admin] contribution validate+activate tr_61acef98eafa4
  [admin] contribution validate+activate tr_1c4b21e3a19e4
  PASS ready_to_close: quòrum exacte 2/2 (r1)
  PASS FedAvg Coordinator: adapter_1 (r1) — sha=b6457ffebf985cb6 ett=84
  PASS oracle == FedAvg Coordinator (r1, tensor per tensor) — maxdiff=0.00e+00
  [coord] assignment asg-A2 -> shard-A expected_ett=19
  [coord] assignment asg-B2 -> shard-B expected_ett=24
[worker:w-A2] [w-A2] 29880 REGISTERED base=13cb2fcce8f388cf
[worker:w-A2] [w-A2] CALIBRATED ett=19 expected=19
[worker:w-A2] [w-A2] ASSIGNMENT shard=shard-A
[worker:w-A2] [w-A2] LEASE ls_e4e3894fe ttl=1786703106.5164971
[worker:w-A2] [w-A2] step.open OK
[worker:w-A2] [w-A2] TRAINED 2 exemples ett=19 delta=88159a2a18d99e8d 0s
[worker:w-A2] [w-A2] APPLIED receipt=tr_75a1fa971fa14
[worker:w-A2] [w-A2] COMMITTED
[worker:w-A2] [w-A2] CHECKPOINT cid=tr_75a1fa971fa14
[worker:w-A2] [w-A2] CONTRIBUTION SUBMITTED tr_75a1fa971fa14 (validate+activate = ADMIN)
[worker:w-A2] [w-A2] RELEASED
[worker:w-A2] [w-A2] EVIDENCE /root/meshtrainer/qwen_distributed_output/evidence_w-A2.json
[worker:w-A2] WORKER_DONE w-A2
  PASS worker A2 (round 2)
[worker:w-B2] [w-B2] 29895 REGISTERED base=13cb2fcce8f388cf
[worker:w-B2] [w-B2] CALIBRATED ett=24 expected=24
[worker:w-B2] [w-B2] ASSIGNMENT shard=shard-B
[worker:w-B2] [w-B2] LEASE ls_8ea465512 ttl=1786703108.1653147
[worker:w-B2] [w-B2] step.open OK
[worker:w-B2] [w-B2] TRAINED 2 exemples ett=24 delta=6ff8fa432ce4ffc3 0s
[worker:w-B2] [w-B2] APPLIED receipt=tr_8bbadd1468f44
[worker:w-B2] [w-B2] COMMITTED
[worker:w-B2] [w-B2] CHECKPOINT cid=tr_8bbadd1468f44
[worker:w-B2] [w-B2] CONTRIBUTION SUBMITTED tr_8bbadd1468f44 (validate+activate = ADMIN)
[worker:w-B2] [w-B2] RELEASED
[worker:w-B2] [w-B2] EVIDENCE /root/meshtrainer/qwen_distributed_output/evidence_w-B2.json
[worker:w-B2] WORKER_DONE w-B2
  PASS worker B2 (round 2)
  PASS round 2: adapter_pre_hash_A == adapter_pre_hash_B (adapter_1) — d8aad35dfd80003d
  [admin] contribution validate+activate tr_75a1fa971fa14
  [admin] contribution validate+activate tr_8bbadd1468f44
  PASS ready_to_close: quòrum exacte 2/2 (r2)
  PASS FedAvg Coordinator: adapter_2 (r2) — sha=c3be308ef6cd2194
  PASS oracle == FedAvg Coordinator (r2, tensor per tensor) — maxdiff=0.00e+00
{
  "backend": "dummy",
  "adapter_0_sha": "86e548fba3bd6392f05030bf07a3ec7e7824cafcee8b8bb66736127144d81484",
  "adapter_1_sha": "b6457ffebf985cb6c490761446ed9a7a8dd1d43ea320e84beb29ccdce389c01a",
  "adapter_2_sha": "c3be308ef6cd21947d7ab42fc4f31631885428c6ba20b6cb61ba58fc66a654d0",
  "ett_a": 41,
  "ett_b": 43,
  "maxdiff_oracle_r1": 0.0,
  "maxdiff_oracle_r2": 0.0
}
=== GENERIC DISTRIBUTED RUN (dummy): 19/19 PASS ===
