============================================================
 MINICPM5 ADVERSARIALS — MADV-01..16
============================================================

--- Part 1: backend real (model) ---
Loading weights:   0%|          | 0/219 [00:00<?, ?it/s]Loading weights:   0%|          | 1/219 [00:02<09:32,  2.63s/it]Loading weights:  39%|███▉      | 85/219 [00:02<00:03, 41.05it/s]Loading weights:  49%|████▉     | 108/219 [00:03<00:02, 48.97it/s]Loading weights:  57%|█████▋    | 125/219 [00:03<00:01, 51.52it/s]Loading weights:  63%|██████▎   | 138/219 [00:03<00:01, 54.52it/s]Loading weights:  68%|██████▊   | 149/219 [00:03<00:01, 53.43it/s]Loading weights:  72%|███████▏  | 158/219 [00:03<00:01, 53.65it/s]Loading weights:  76%|███████▌  | 166/219 [00:04<00:00, 55.50it/s]Loading weights:  81%|████████  | 177/219 [00:04<00:00, 63.58it/s]Loading weights:  93%|█████████▎| 204/219 [00:04<00:00, 100.85it/s]Loading weights: 100%|██████████| 219/219 [00:04<00:00, 51.21it/s] 

=== MADV-01: wrong base model ===
  PASS MADV-01 wrong base model (adapter d'un altre backend) → REJECTED — ValueError: adapter schema mismatch: missing=['base_model.model.model.la

=== MADV-02: wrong model revision ===
  PASS MADV-02 identity conté revision pinnejada — revision=4e9de7a0...
  PASS MADV-02 revision canviada → identitat diferent

=== MADV-03: wrong adapter SHA ===
  PASS MADV-03 wrong SHA → REJECTED — ValueError: adapter SHA mismatch: 5df80ee69db1 != ffffffffffff — REJECTE

=== MADV-04: partial adapter ===
  PASS MADV-04 partial → REJECTED — ValueError: adapter schema mismatch: missing=['base_model.model.model.la

=== MADV-05: extra tensor ===
  PASS MADV-05 extra tensor → REJECTED — ValueError: adapter schema mismatch: missing=[] extra=['phantom'] — REJE

=== MADV-06: wrong shape ===
  PASS MADV-06 wrong shape → REJECTED — ValueError: shape mismatch base_model.model.model.layers.0.mlp.down_proj

=== MADV-07: wrong dtype ===
  PASS MADV-07 wrong dtype → REJECTED — ValueError: dtype mismatch base_model.model.model.layers.0.mlp.down_proj

=== MADV-12: same update_id / different payload ===
  PASS MADV-12 mateix update_id + payload diferent → REJECTED — ValueError: request_sha mismatch — REJECTED

=== MADV-15: stale adapter baseline ===
  PASS MADV-15 (stale baseline) → delegat al Coordinator (Part 2)

--- Part 2: Coordinator (protocol) ---

=== MADV-08: wrong shard ===
  PASS MADV-08 assignment shard A creat
  PASS MADV-08 worker amb shard incorrecte → REJECTED — ModelRecoveryError: shard_mismatch

=== MADV-09: wrong shard manifest ===
  PASS MADV-09 shard manifest incorrecte → REJECTED — ModelRecoveryError: shard_manifest_mismatch

=== MADV-10: fake ETT ===
  PASS MADV-10 ETT fals (999999 vs expected 90) → REJECTED — ModelRecoveryError: ett_mismatch

=== MADV-11: stale revision ===
  PASS MADV-11 stale revision detectada al validate → REJECTED — ModelRecoveryError: stale_revision
  PASS MADV-11 ready_to_close (validate ja el va rebutjar) — validate ho va bloquejar abans

=== MADV-13: expired lease ===
  PASS MADV-13 activate sense lease vàlida → REJECTED (real a lease_revision) — ModelRecoveryError: cannot_activate

=== MADV-14: wrong session ===
  PASS MADV-14 sessió/worker no registrat → REJECTED (real a lease_revision) — ModelRecoveryError: unknown_assignment

=== MADV-16: duplicate contribution ===
  PASS MADV-16 duplicate: una SUPERSEDED i una ACTIVE — cid-dup=SUPERSEDED cid-dup2=ACTIVE

=== MINICPM5 ADVERSARIALS (MADV): 19/19 PASS ===
