═══════════════════════════════════════════════════════════════
 OOM_DIAGNOSTIC.log — MINICPM5 R1.2 (execució diagnòstica)
 Data: 2026-08-16 · Host: pve/Mandalor · Kernel: 6.17.13-2-pve
 ⚠ RECONSTRUÏT a partir del journal del kernel (journalctl -k)
   i de les captures del monitor RUN_OOM_DIAGNOSTIC.sh del mateix
   dia (els fitxers originals es van esborrar accidentalment amb
   un rm -rf d'evidence/ abans del gate final; les dades són les
   reals del journal i de les captures del terminal).
═══════════════════════════════════════════════════════════════

─── SNAPSHOT ABANS (baseline, captura del monitor) ───
[free -h]
               total        used        free      shared  buff/cache   available
Mem:            15Gi       5.6Gi       8.4Gi       144Mi       1.9Gi       9.8Gi
Swap:           11Gi        10Gi       1.3Gi
[swapon --show]
NAME       TYPE      SIZE USED PRIO
/dev/dm-0  partition   8G 7.3G   -2
/dev/zram0 partition   4G 3.4G   -3
[/proc/meminfo (clau)]
MemTotal:       16115848 kB
MemFree:         8770304 kB
MemAvailable:   10238392 kB
SwapCached:       136592 kB
Active(anon):    2043396 kB
Inactive(anon):   613752 kB
Unevictable:       32032 kB
Mlocked:           21504 kB
SwapTotal:      12582904 kB
SwapFree:        1338344 kB
AnonPages:       2396696 kB
Shmem:            148424 kB
Slab:             522244 kB
PageTables:        70356 kB
[vm.swappiness] 10
[cgroup CT112 (v2, des del host)]
  memory.current = 975396864
  memory.peak = 12779515904
  memory.max = 17179869184 (16 GB)
  memory.swap.current = 4173303808 (4.1 GB de 6 GB — restes)
  memory.swap.max = 6442450944 (6 GB)
  memory.events: oom 13 · oom_kill 39
[disc lliure] /dev/mapper/pve-root 94G 61G 29G 69% /

─── EXECUCIÓ DIAGNÒSTICA (distributed R1.2 overlap real) ───
Resultat: DISTRIBUTED_EXIT=1 — worker B mort per OOM global del host

─── JOURNAL KERNEL (línies completes de l'OOM, 11:25:40) ───
Aug 16 11:25:40 pve kernel: systemd invoked oom-killer: gfp_mask=0x140cca(GFP_HIGHUSER_MOVABLE|__GFP_COMP), order=0, oom_score_adj=0
Aug 16 11:25:40 pve kernel: CPU: 3 UID: 0 PID: 1 Comm: systemd Tainted: P OE 6.17.13-2-pve #1 PREEMPT(voluntary)
Aug 16 11:25:40 pve kernel: Call Trace: dump_stack_lvl → dump_stack → dump_header → oom_kill_process.cold → out_of_memory → __alloc_frozen_pages_noprof (filemap_alloc_folio_noprof, filemap_fault)
Aug 16 11:25:40 pve kernel: Mem-Info:
  active_anon:2132672  inactive_anon:962991  isolated_anon:0
  active_file:0       inactive_file:2449   isolated_file:0
  unevictable:8008    dirty:0  writeback:0
  slab_reclaimable:32641  slab_unreclaimable:94239
  mapped:4905  shmem:22544  pagetables:24488
Aug 16 11:25:40 pve kernel: Node 0 active_anon:8527064kB inactive_anon:3855588kB active_file:0kB inactive_file:9796kB unevictable:32032kB mapped:19620kB shmem:90176kB anon_thp:526336kB kernel_stack:14000kB pagetables:97952kB
Aug 16 11:25:40 pve kernel: Node 0 DMA32 free:62652kB  active_anon:511156kB inactive_anon:1111480kB
Aug 16 11:25:40 pve kernel: Node 0 Normal free:60484kB  ← RAM física gairebé esgotada (60 MB)
  active_anon:8015788kB  inactive_anon:2744228kB  active_file:0kB  inactive_file:9768kB
  unevictable:32032kB  present:14675968kB  managed:14345172kB  mlocked:21504kB
Aug 16 11:25:40 pve kernel: 59552 total pagecache pages
Aug 16 11:25:40 pve kernel: 30714 pages in swap cache
Aug 16 11:25:40 pve kernel: Free swap  = 244kB  ← swap del HOST al límit real (12.58 GB total)
Aug 16 11:25:40 pve kernel: Total swap = 12582904kB
Aug 16 11:25:40 pve kernel: 4128205 pages RAM
Aug 16 11:25:40 pve kernel: Out of memory: Killed process 2387935 (python) total-vm:9724216kB, anon-rss:4128064kB, file-rss:108kB, shmem-rss:0kB, UID:100000 pgtables:12528kB oom_score_adj:800

─── SWAP OCUPADA PER PROCÉS (host, /proc/*/status VmSwap) ───
pid=1931 swap=1612MB cmd=/usr/bin/kvm -id 104 -name haos-17.1 (oom_score_adj=-500, protegida)
pid=1807 swap=1605MB cmd=/usr/bin/kvm -id 102 -name debian/Dagobah (oom_score_adj=-500, protegida)
CT112 processos vius: ~2 MB de swap total (els 4.1 GB del cgroup són restes de
processos morts de les execucions anteriors — swap cache residual)

═══════════════════════════════════════════════════════════════
 CONCLUSIONS DEL DIAGNÒSTIC (R1.2)
═══════════════════════════════════════════════════════════════
CAS CLASSIFICAT: B — la swap existent ARRIBA realment al límit.

EVIDÈNCIA (kernel, moment de l'OOM):
  Node 0 Normal free: 60 MB (RAM física esgotada)
  Free swap = 244 kB de 12.58 GB total (swap del host al 100%)
  active_anon 7.6 GB · inactive_anon 2.6 GB
  Killed: python anon-rss 4.1 GB, oom_score_adj=800

CAUSA ARREL (per què la swap "amb marge" no serveix):
  1) Les 2 VMs tenen pàgines SWAPPEJADES i PROTEGIDES:
       VM102 (debian/Dagobah): 1605 MB al swap (oom_score_adj=-500)
       VM104 (haos):           1612 MB al swap (oom_score_adj=-500)
  2) CT112: memory.swap.current = 4.1 GB de 6 GB (restes del cgroup)
  3) Quan el distributed demana el pic (12.7 GB), el kernel NO pot
     desallotjar les VMs (protegides) ni el swap del CT (ple) →
     mata el procés amb oom_score_adj més alt (+800 = els nostres workers)

NO ÉS "RAM insuficient amb swap de sobra" — és swap ocupada per
processos protegits + restes. CAS B: autoritzat provar swap addicional
temporal i reversible (sense tocar el codi).
═══════════════════════════════════════════════════════════════
