Loading weights:   0%|          | 0/219 [00:00<?, ?it/s]Loading weights:   0%|          | 1/219 [00:04<15:43,  4.33s/it]Loading weights:   1%|          | 2/219 [00:04<06:49,  1.89s/it]Loading weights:  47%|████▋     | 103/219 [00:04<00:02, 41.94it/s]Loading weights:  58%|█████▊    | 128/219 [00:05<00:01, 45.88it/s]Loading weights:  67%|██████▋   | 146/219 [00:05<00:01, 46.69it/s]Loading weights:  73%|███████▎  | 159/219 [00:05<00:01, 46.57it/s]Loading weights:  78%|███████▊  | 170/219 [00:05<00:01, 48.10it/s]Loading weights:  82%|████████▏ | 179/219 [00:06<00:00, 50.35it/s]Loading weights:  92%|█████████▏| 202/219 [00:06<00:00, 67.61it/s]Loading weights:  97%|█████████▋| 213/219 [00:06<00:00, 61.65it/s]Loading weights: 100%|██████████| 219/219 [00:06<00:00, 33.31it/s]
============================================================
PART A: idempotència persistent (servidor mor -> mateixa resposta)
============================================================
Loading weights:   0%|          | 0/219 [00:00<?, ?it/s]Loading weights:   0%|          | 1/219 [00:01<06:20,  1.75s/it]Loading weights:  72%|███████▏  | 158/219 [00:01<00:00, 118.05it/s]Loading weights: 100%|██████████| 219/219 [00:02<00:00, 84.14it/s] 

Loading weights:   0%|          | 0/219 [00:00<?, ?it/s]
Loading weights:   0%|          | 1/219 [00:02<07:57,  2.19s/it]
Loading weights:  52%|█████▏    | 114/219 [00:02<00:01, 69.15it/s]
Loading weights:  80%|███████▉  | 175/219 [00:02<00:00, 109.41it/s]
Loading weights: 100%|██████████| 219/219 [00:02<00:00, 86.71it/s] 
[w-ida] 41726 REGISTERED base=63d736ad11ad8f7e
[w-ida] CALIBRATED ett=45 expected=45
[w-ida] ASSIGNMENT shard=shard-A
[w-ida] LEASE ls_bf254a633 ttl=1786784459.1116824
[w-ida] step.open OK
[w-ida] TRAINED 1 exemples ett=45 delta=95c3f0ac772ff0b0 7s
[w-ida] APPLIED receipt=tr_c004cd4059444
[w-ida] COMMITTED
[w-ida] CHECKPOINT cid=tr_c004cd4059444
[w-ida] CONTRIBUTION SUBMITTED tr_c004cd4059444 (validate+activate = ADMIN)
[w-ida] RELEASED
[w-ida] EVIDENCE /tmp/generic_recovery_out_minicpm5/evidence_w-ida.json
WORKER_DONE w-ida
worker w-ida exit=0 killed_by_sigkill=False
  PASS worker S1 complet
  PASS mini-flux S1 complet (open->submit->commit->upload->register) — cid=tr_a5c07c654 | open={'unit_id': 'unit-ida2', 'state': 'OPEN'} sub={'unit_id': 'unit-ida2', 'state': 'APPLIED', 'receipt': {'receipt_id': 'tr_a5c07c654ab84b0d', 'receipt_nonce': '742e9f0ce127ac2075321ed8f7ff949a', 'update_id': 'ida2-all', 'delta_id': '95c3f0ac772ff0b05712649d7de8bff0', 'run_id': 'run1', 'round_id': 'r1', 'assignment_id': 'asg-ida2', 'micro_unit_id': 'unit-ida2', 'worker_id': 'w-ida2', 'session_id': 'IDA2', 'delta_bundle_sha256': '95c3f0ac772ff0b05712649d7de8bff04155a7d2d301190a13cf5b5966d703ce', 'delta_bundle_byte_length': 44878741, 'effective_trainable_tokens': 45, 'loss': 1.0, 'base_model_hash': '63d736ad11ad8f7e5f2578bf7d50f1c74853b5814551fdc62249c12abeb19813', 'adapter_pre_hash': '1bd9e79dba870b05e18ef60e4537e6965a98c2c8ed3bd9391901eedffe789243', 'shard_manifest_sha': '6e0921f45ad173b7400d3896b115cc1a4b8a4869c828b68349a2c780f5465018', 'request_sha': '0000000000000000000000000000000000000000000000000000000000000000'}} com={'unit_id': 'unit-ida2', 'state': 'COMMITTED'} up={'contribution_id': 'tr_a5c07c654ab84b0d', 'status': 'RECEIVED'} reg={'contribution_id': 'tr_a5c07c654ab84b0d', 'status': 'RECEIVED'} estat_final=ACTIVE
  [servidor S1 MOR — procés acabat]
  [servidor S2 NOU — mateixa BD /tmp/generic_recovery_server_minicpm5.db]
  PASS servidor reiniciat: retry exacte -> mateixa resposta byte-for-byte (open/submit/commit/upload/register)
  PASS mateix lk + payload diferent -> REJECTED — idempotency_sha_mismatch
============================================================
PART B: crash real (SIGKILL després d'APPLIED) -> recovery
============================================================

Loading weights:   0%|          | 0/219 [00:00<?, ?it/s]
Loading weights:   0%|          | 1/219 [00:02<08:29,  2.34s/it]
Loading weights:  47%|████▋     | 103/219 [00:02<00:02, 56.28it/s]
Loading weights:  62%|██████▏   | 135/219 [00:03<00:01, 55.74it/s]
Loading weights:  71%|███████   | 155/219 [00:03<00:01, 55.17it/s]
Loading weights:  78%|███████▊  | 170/219 [00:03<00:00, 54.31it/s]
Loading weights:  83%|████████▎ | 181/219 [00:03<00:00, 57.20it/s]
Loading weights:  92%|█████████▏| 202/219 [00:04<00:00, 69.83it/s]
Loading weights:  98%|█████████▊| 214/219 [00:04<00:00, 65.44it/s]
Loading weights: 100%|██████████| 219/219 [00:04<00:00, 50.73it/s]
[w-nc] 41784 REGISTERED base=63d736ad11ad8f7e
[w-nc] CALIBRATED ett=45 expected=45
[w-nc] ASSIGNMENT shard=shard-A
[w-nc] LEASE ls_4c8fb2de4 ttl=1786784494.7185757
[w-nc] step.open OK
[w-nc] TRAINED 1 exemples ett=45 delta=95c3f0ac772ff0b0 6s
[w-nc] APPLIED receipt=tr_0e50a5f1dd1b4
[w-nc] COMMITTED
[w-nc] CHECKPOINT cid=tr_0e50a5f1dd1b4
[w-nc] CONTRIBUTION SUBMITTED tr_0e50a5f1dd1b4 (validate+activate = ADMIN)
[w-nc] RELEASED
[w-nc] EVIDENCE /tmp/generic_recovery_out_minicpm5/nocrash/evidence_w-nc.json
WORKER_DONE w-nc
worker w-nc exit=0 killed_by_sigkill=False
  PASS no-crash: worker complet
  no-crash adapter_post_hash=5d7f4299b6b04836

Loading weights:   0%|          | 0/219 [00:00<?, ?it/s]
Loading weights:   0%|          | 1/219 [00:03<11:41,  3.22s/it]
Loading weights:  78%|███████▊  | 170/219 [00:03<00:00, 72.07it/s]
Loading weights: 100%|██████████| 219/219 [00:03<00:00, 63.74it/s]
[w-cr] 41824 REGISTERED base=63d736ad11ad8f7e
[w-cr] CALIBRATED ett=45 expected=45
[w-cr] ASSIGNMENT shard=shard-A
[w-cr] LEASE ls_98c0f06cb ttl=1786784539.3751612
[w-cr] step.open OK
[w-cr] TRAINED 1 exemples ett=45 delta=95c3f0ac772ff0b0 6s
[w-cr] CRASH SIMULAT (train-only, sense HTTP)
WORKER_DONE train-only
worker w-cr exit=-9 killed_by_sigkill=True
  PASS crash: procés MATAT amb SIGKILL (exit no-zero, no sys.exit(0)) — exit=-9
  PASS journal persistent després del SIGKILL

Loading weights:   0%|          | 0/219 [00:00<?, ?it/s]
Loading weights:   0%|          | 1/219 [00:04<17:17,  4.76s/it]
Loading weights:  51%|█████     | 112/219 [00:04<00:03, 31.90it/s]
Loading weights:  69%|██████▉   | 151/219 [00:05<00:01, 34.90it/s]
Loading weights:  80%|███████▉  | 175/219 [00:06<00:01, 38.58it/s]
Loading weights:  88%|████████▊ | 192/219 [00:06<00:00, 43.30it/s]
Loading weights:  94%|█████████▍| 206/219 [00:06<00:00, 47.28it/s]
Loading weights: 100%|██████████| 219/219 [00:06<00:00, 32.91it/s]
[w-cr] 41861 REGISTERED base=63d736ad11ad8f7e
[w-cr] CALIBRATED ett=45 expected=45
[w-cr] ASSIGNMENT shard=shard-A
[w-cr] LEASE RENEWED ls_98c0f06cb
[w-cr] LEASE ls_98c0f06cb ttl=1786784565.6905239
[w-cr] step.open OK
[w-cr] pas 0: RECOVERED w-cr-0
[w-cr] TRAINED 1 exemples ett=45 delta=95c3f0ac772ff0b0 1s
[w-cr] APPLIED receipt=tr_d1cbb59189e34
[w-cr] COMMITTED
[w-cr] CHECKPOINT cid=tr_d1cbb59189e34
[w-cr] CONTRIBUTION SUBMITTED tr_d1cbb59189e34 (validate+activate = ADMIN)
[w-cr] RELEASED
[w-cr] EVIDENCE /tmp/generic_recovery_out_minicpm5/crash/evidence_w-cr.json
WORKER_DONE w-cr
worker w-cr exit=0 killed_by_sigkill=False
  PASS recovery: worker nou (PID diferent) completa el flux
  PASS recovery: crash_pid != recovery_pid — 41824 -> 41861
  PASS adapter_post_no_crash == adapter_post_recovered (hash exacte) — nc=5d7f4299b6b04836 rec=5d7f4299b6b04836
  PASS recovery: tots els passos APPLIED (cap COMMITTED perdut) — applied=1
=== GENERIC RECOVERY TESTS (minicpm5): 11/11 PASS ===
