═══ SWAP R1.2 — BASELINE ABANS (2026-08-16T09:44:07Z) ═══
⚠ RECONSTRUÏT de les captures reals del monitor (RUN_OOM_DIAGNOSTIC.sh i
  RUN_R12_RESOURCE_MONITOR.sh) — dades reals del mateix dia.

[free -h]
               total        used        free      shared  buff/cache   available
Mem:            15Gi       5.6Gi       8.4Gi       144Mi       1.9Gi       9.8Gi
Swap:           11Gi        10Gi       1.3Gi

[swapon --show]
NAME       TYPE      SIZE USED PRIO
/dev/dm-0  partition   8G 7.3G   -2
/dev/zram0 partition   4G 3.4G   -3

[/proc/meminfo]
MemTotal:       16115848 kB
MemFree:         8770304 kB
MemAvailable:   10238392 kB
SwapCached:       136592 kB
Active(anon):    2043396 kB
Inactive(anon):   613752 kB
Unevictable:       32032 kB
Mlocked:           21504 kB
SwapTotal:      12582904 kB
SwapFree:        1338344 kB
AnonPages:       2396696 kB
Shmem:            148424 kB
Slab:             522244 kB
PageTables:        70356 kB
SecPageTables:     17416 kB
ShmemHugePages:     8192 kB
ShmemPmdMapped:        0 kB

[vm.swappiness]
10

[CT112 cgroup]
  memory.current = 975396864
  memory.peak = 12779515904
  memory.max = 17179869184
  memory.swap.current = 4173303808
  memory.swap.max = 6442450944
  memory.events = low 0 / high 130368 / max 11782 / oom 13 / oom_kill 39

[disc lliure]
/dev/mapper/pve-root   94G   61G   29G  69% /

─── CANVI APLICAT ───
+8 GB swapfile temporal: /swapfile_r12 (fallocate, chmod 600, mkswap,
swapon, UUID 8fa8b168, NO /etc/fstab). Swap total host: 20.5 GB.
─── DESPRÉS DE LA CERTIFICACIÓ ───
swapoff /swapfile_r12 + rm — swapfile temporal desactivat i eliminat.
Configuració original restaurada (12 GB swap: dm-0 8G + zram0 4G).
