=== RC5.1 mutation ===
============================================
  RC5.1 R9 — REAL MUTATION GATE
============================================

=== BASELINE ===
  py_compile: PASS
  Baseline normal: PASS
  Baseline R6: PASS
  Baseline: PASS
  MUT-01-zero-delta: DETECTED (normal=0, r6=1)
MUT-02 applied
  MUT-02-no-superseded: DETECTED (normal=0, r6=1)
  MUT-03-no-sha-bytes: DETECTED (normal=1, r6=1)
  MUT-04-transitions-open: DETECTED (normal=0, r6=1)
  MUT-05-ownership-open: DETECTED (normal=0, r6=1)

============================================
MUT-01-zero-delta: DETECTED
MUT-02-no-superseded: DETECTED
MUT-03-no-sha-bytes: DETECTED
MUT-04-transitions-open: DETECTED
MUT-05-ownership-open: DETECTED

Mutation score: 5/5
Invalid mutants: 0
Runtime-invalid mutants: 0
Not applied: 0
Timeouts: 0
============================================
