=== Phase 1 Run 1 ===
============================================
  RC5.2 Phase 1 — Test Runner
============================================
Python: Python 3.13.5
Found: rc5_2_numerical_profile.py
Found: rc5_2_lora.py
Found: rc5_2_numerical_models.py
Found: rc5_2_phase1_tests.py
All deps present.
=== RUN 1 ===
============================================================
  RC5.2 Phase 1 R3 — Numerical Tests
============================================================

--- P1-N01 ---
  ✅ P1-N01: hash stable

--- P1-N02 ---
  ✅ P1-N02: all state identical, 0 missing, 0 unexpected

--- P1-N03 ---
  ✅ P1-N03: server activation

--- P1-N04 ---
  ✅ P1-N04: cut activation

--- P1-N05 ---
  ✅ P1-N05: logits

--- P1-N06 ---
  ✅ P1-N06: loss

--- P1-N07 ---
  ✅ P1-N07: cut gradient

--- P1-N08 ---
  ✅ P1-N08: LoRA-A gradient

--- P1-N09 ---
  ✅ P1-N09: LoRA-B gradient

--- P1-N10 ---
  ✅ P1-N10: optimizer == LoRA

--- P1-N11 ---
  ✅ P1-N11: base requires_grad False

--- P1-N12 ---
  ✅ P1-N12: base grad None after backward

--- P1-N13 ---
  ✅ P1-N13: base weights unchanged

--- P1-N14 ---
  ✅ P1-N14: LoRA-A post-step

--- P1-N15 ---
  ✅ P1-N15: LoRA-B post-step

--- P1-N16 ---
  ✅ P1-N16: delta-A

--- P1-N17 ---
  ✅ P1-N17: delta-B

--- P1-N18 ---
  ✅ P1-N18: delta non-zero

--- P1-N19 ---
  ✅ P1-N19: deterministic

--- P1-N20 ---
  ✅ P1-N20: step2 loss
  ✅ P1-N20: grad A
  ✅ P1-N20: grad B
  ✅ P1-N20: LoRA-A
  ✅ P1-N20: LoRA-B
  ✅ P1-N20: delta-A
  ✅ P1-N20: delta-B

--- P1-N21 ---
  ✅ P1-N21: loss matches oracle
  ✅ P1-N21: label change alters loss

--- P1-N22 ---
  ✅ P1-N22: ETT=127

--- P1-N23 ---
  ✅ P1-N23: early positions unaffected by future
  ✅ P1-N23: late positions differ (non-trivial)
  ✅ P1-N23: causal_mask[0,1]==-inf

--- P1-N24 ---
  ✅ P1-N24: monolithic base frozen

--- P1-N25 ---
  ✅ P1-N25: monolithic base grad None

--- P1-N26 ---
  ✅ P1-N26: monolithic base unchanged

============================================================
  Resultat: 35/35 PASS, 0 FAIL
============================================================

=== RUN 2 ===
============================================================
  RC5.2 Phase 1 R3 — Numerical Tests
============================================================

--- P1-N01 ---
  ✅ P1-N01: hash stable

--- P1-N02 ---
  ✅ P1-N02: all state identical, 0 missing, 0 unexpected

--- P1-N03 ---
  ✅ P1-N03: server activation

--- P1-N04 ---
  ✅ P1-N04: cut activation

--- P1-N05 ---
  ✅ P1-N05: logits

--- P1-N06 ---
  ✅ P1-N06: loss

--- P1-N07 ---
  ✅ P1-N07: cut gradient

--- P1-N08 ---
  ✅ P1-N08: LoRA-A gradient

--- P1-N09 ---
  ✅ P1-N09: LoRA-B gradient

--- P1-N10 ---
  ✅ P1-N10: optimizer == LoRA

--- P1-N11 ---
  ✅ P1-N11: base requires_grad False

--- P1-N12 ---
  ✅ P1-N12: base grad None after backward

--- P1-N13 ---
  ✅ P1-N13: base weights unchanged

--- P1-N14 ---
  ✅ P1-N14: LoRA-A post-step

--- P1-N15 ---
  ✅ P1-N15: LoRA-B post-step

--- P1-N16 ---
  ✅ P1-N16: delta-A

--- P1-N17 ---
  ✅ P1-N17: delta-B

--- P1-N18 ---
  ✅ P1-N18: delta non-zero

--- P1-N19 ---
  ✅ P1-N19: deterministic

--- P1-N20 ---
  ✅ P1-N20: step2 loss
  ✅ P1-N20: grad A
  ✅ P1-N20: grad B
  ✅ P1-N20: LoRA-A
  ✅ P1-N20: LoRA-B
  ✅ P1-N20: delta-A
  ✅ P1-N20: delta-B

--- P1-N21 ---
  ✅ P1-N21: loss matches oracle
  ✅ P1-N21: label change alters loss

--- P1-N22 ---
  ✅ P1-N22: ETT=127

--- P1-N23 ---
  ✅ P1-N23: early positions unaffected by future
  ✅ P1-N23: late positions differ (non-trivial)
  ✅ P1-N23: causal_mask[0,1]==-inf

--- P1-N24 ---
  ✅ P1-N24: monolithic base frozen

--- P1-N25 ---
  ✅ P1-N25: monolithic base grad None

--- P1-N26 ---
  ✅ P1-N26: monolithic base unchanged

============================================================
  Resultat: 35/35 PASS, 0 FAIL
============================================================

============================================
  Phase 1 Run 1: PASS
  Phase 1 Run 2: PASS
  Timeouts: 0
  Flaky: 0
  Mandatory skips: 0
============================================
=== Phase 1 Run 2 ===
============================================================
  RC5.2 Phase 1 R3 — Numerical Tests
============================================================

--- P1-N01 ---
  ✅ P1-N01: hash stable

--- P1-N02 ---
  ✅ P1-N02: all state identical, 0 missing, 0 unexpected

--- P1-N03 ---
  ✅ P1-N03: server activation

--- P1-N04 ---
  ✅ P1-N04: cut activation

--- P1-N05 ---
  ✅ P1-N05: logits

--- P1-N06 ---
  ✅ P1-N06: loss

--- P1-N07 ---
  ✅ P1-N07: cut gradient

--- P1-N08 ---
  ✅ P1-N08: LoRA-A gradient

--- P1-N09 ---
  ✅ P1-N09: LoRA-B gradient

--- P1-N10 ---
  ✅ P1-N10: optimizer == LoRA

--- P1-N11 ---
  ✅ P1-N11: base requires_grad False

--- P1-N12 ---
  ✅ P1-N12: base grad None after backward

--- P1-N13 ---
  ✅ P1-N13: base weights unchanged

--- P1-N14 ---
  ✅ P1-N14: LoRA-A post-step

--- P1-N15 ---
  ✅ P1-N15: LoRA-B post-step

--- P1-N16 ---
  ✅ P1-N16: delta-A

--- P1-N17 ---
  ✅ P1-N17: delta-B

--- P1-N18 ---
  ✅ P1-N18: delta non-zero

--- P1-N19 ---
  ✅ P1-N19: deterministic

--- P1-N20 ---
  ✅ P1-N20: step2 loss
  ✅ P1-N20: grad A
  ✅ P1-N20: grad B
  ✅ P1-N20: LoRA-A
  ✅ P1-N20: LoRA-B
  ✅ P1-N20: delta-A
  ✅ P1-N20: delta-B

--- P1-N21 ---
  ✅ P1-N21: loss matches oracle
  ✅ P1-N21: label change alters loss

--- P1-N22 ---
  ✅ P1-N22: ETT=127

--- P1-N23 ---
  ✅ P1-N23: early positions unaffected by future
  ✅ P1-N23: late positions differ (non-trivial)
  ✅ P1-N23: causal_mask[0,1]==-inf

--- P1-N24 ---
  ✅ P1-N24: monolithic base frozen

--- P1-N25 ---
  ✅ P1-N25: monolithic base grad None

--- P1-N26 ---
  ✅ P1-N26: monolithic base unchanged

============================================================
  Resultat: 35/35 PASS, 0 FAIL
============================================================
