./ADR_RC5_2_NUMERICAL_SPLIT.md: OK
./aggregation.py: OK
./browser-worker/e2e/rc3_worker.spec.ts: OK
./browser-worker/package.json: OK
./browser-worker/playwright.config.ts: OK
./browser-worker/src/compute.ts: OK
./browser-worker/src/rpc.ts: OK
./browser-worker/src/state.ts: OK
./browser-worker/src/ui.ts: OK
./browser-worker/src/vite-env.d.ts: OK
./browser-worker/src/worker.ts: OK
./browser-worker/tests/compute.test.ts: OK
./browser-worker/tests/state.test.ts: OK
./browser-worker/vite.config.ts: OK
./browser-worker/vitest.config.ts: OK
./CHANGELOG.md: OK
./config.example.yaml: OK
./conftest.py: OK
./DELIVERY_INFO.txt: OK
./diff: OK
./DIFF_R4_R5.patch: OK
./DIFF_R4_R5_STAT.txt: OK
./DIFF_RC54_9c46f65.patch: OK
./docs/rc5/DELIVERY_INFO.txt: OK
./docs/rc5/RC5_0_DOCUMENT_REVIEW_REPORT.md: OK
./docs/rc5/RC5_0_PROTOCOL_FREEZE_REPORT.md: OK
./docs/rc5/RC5_ARCHITECTURE.md: OK
./docs/rc5/RC5_GATE_SPECIFICATION.md: OK
./docs/rc5/RC5_NUMERICAL_VALIDATION_PLAN.md: OK
./docs/rc5/RC5_PROTOCOL_SPEC.md: OK
./docs/rc5/RC5_SECURITY_MODEL.md: OK
./docs/rc5/RC5_SPLIT_SERVER_SPEC.md: OK
./docs/rc5/RC5_WORK_UNIT_MODEL.md: OK
./docs/rc5/README.md: OK
./ENVIRONMENT.txt: OK
./evidence/DEPENDENCY_FAILURE_PROBE.log: OK
./evidence/HTTP_LEASE_ADVERSARIAL.log: OK
./evidence/MANIFEST_FAILURE_PROBE.log: OK
./evidence/RC5_4_ADVERSARIAL_GATE.log: OK
./evidence/RC5_4_CONTROLLED_FAILURE.log: OK
./evidence/RC5_4_FINAL_GATE.log: OK
./evidence/RC5_4_MID_BACKWARD_GATE.log: OK
./evidence/RC5_4_MUTATION_GATE.log: OK
./evidence/RC5_4_RESTART_REAL_GATE.log: OK
./evidence/RC5_4_RUN_1.log: OK
./evidence/RC5_4_RUN_2.log: OK
./FINAL_AUDIT_REPORT.md: OK
./.gitignore: OK
./HANDOVER_V1.md: OK
./LICENSE: OK
./logo.jpg: OK
./mut02_apply.py: OK
./mut06_relu_worker.py: OK
./mutants_p2/mut_p2_01_randn_grad.py: OK
./mutants_p2/mut_p2_02_ignore_labels.py: OK
./mutants_p2/mut_p2_03_worker_bypass.py: OK
./mutants_p2/mut_p2_04_base_in_optimizer.py: OK
./mutants_p2/mut_p2_05_alter_gradient.py: OK
./mutants_p2/mut_p2_06_relu_worker_lora.py: OK
./mutants_p2/mut_p2_07_disable_bundle_sha.py: OK
./mutants_p2/mut_p2_08_accept_diff_payload.py: OK
./mutants_p2/mut_p2_09_allow_committed_abort.py: OK
./mutants_p2/mut_p2_10_premature_nonce.py: OK
./mutants_p2/mut_p2_11_accept_expired.py: OK
./mutants_p2/mut_p2_12_bypass_artifact_hash.py: OK
./mutants_r53/mut_r3_01_superseded.py: OK
./mutants_r53/mut_r3_02_ignore_ett.py: OK
./mutants_r53/mut_r3_03_omit_active.py: OK
./mutants_r53/mut_r3_04_apply_twice.py: OK
./mutants_r53/mut_r3_05_stale_adapter.py: OK
./mutants_r53/mut_r3_06_ignore_model_hash.py: OK
./mutants_r53/mut_r3_07_ignore_budget.py: OK
./mutants_r53/mut_r3_08_round2_old_adapter.py: OK
./mutants_r53/mut_r3_09_cross_worker.py: OK
./mutants_r53/mut_r3_10_close_early.py: OK
./mutants_r53/mut_r3_11_order_dep.py: OK
./mutants_r53/mut_r3_12_dup_assignment.py: OK
./mutants_r54/mut_r4_01_ignore_expiry.py: OK
./mutants_r54/mut_r4_02_accept_expired_contribution.py: OK
./mutants_r54/mut_r4_03_double_active_lease.py: OK
./mutants_r54/mut_r4_04_alien_renewal.py: OK
./mutants_r54/mut_r4_05_ignore_nonce.py: OK
./mutants_r54/mut_r4_06_reassign_before_expiry.py: OK
./mutants_r54/mut_r4_07_double_optimizer.py: OK
./mutants_r54/mut_r4_08_different_receipt.py: OK
./mutants_r54/mut_r4_09_stale_adapter.py: OK
./mutants_r54/mut_r4_10_expired_in_fedavg.py: OK
./mutants_r54/mut_r4_11_old_revision_commit.py: OK
./mutants_r54/mut_r4_12_mid_backward_safe.py: OK
./mutants_r54/mut_r4_13_no_run_binding.py: OK
./mutants_r54/mut_r4_14_no_round_binding.py: OK
./mutants_r54/mut_r4_15_no_assignment_binding.py: OK
./mutants_r54/mut_r4_16_no_unit_binding.py: OK
./mutants_r54/mut_r4_17_no_session_binding.py: OK
./mutants_r54/mut_r4_18_allow_released.py: OK
./mutants_r54/mut_r4_19_allow_state_regression.py: OK
./mutants_r54/mut_r4_20_accept_conflicting_receipt.py: OK
./mutants_r54/mut_r4_21_acquire_after_released.py: OK
./mutants_r54/mut_r4_22_expiry_lt.py: OK
./mutants_r54/mut_r4_23_ignore_rowcount.py: OK
./mutants_r54/mut_r4_24_pipeline_no_lease.py: OK
./mutants_r54/mut_r4_25_bypass_step_open.py: OK
./mutants_r54/mut_r4_26_bypass_backward.py: OK
./mutants_r54/mut_r4_27_bypass_commit.py: OK
./mutants_r54/mut_r4_28_bypass_upload.py: OK
./mutants_r54/mut_r4_29_bypass_contrib_reg.py: OK
./mutants_r54/mut_r4_30_accept_expired.py: OK
./mutants_r54/mut_r4_31_accept_released.py: OK
./mutants_r54/mut_r4_32_ignore_session.py: OK
./mutants_r54/mut_r4_33_ignore_revision.py: OK
./mutants_r54/mut_r4_34_accept_old_worker.py: OK
./mutants_r54/mut_r4_35_no_idem_check.py: OK
./mutants_r54/mut_r4_36_cache_before_lease.py: OK
./mutants_r54/mut_r4_37_accept_conflict.py: OK
./r6_tests.py: OK
./rc3_coordinator.py: OK
./rc3_integration_tests.py: OK
./rc3_state.py: OK
./rc3_train_state.py: OK
./rc3_worker_real.py: OK
./rc3_worker_sim.py: OK
./RC4_1_PERFORMANCE_TABLE.csv: OK
./RC4_1_RECOMMENDATIONS.md: OK
./RC4_1_SCALABILITY_REPORT.md: OK
./RC4_2B_COMPATIBILITY_REPORT.md: OK
./RC4_2_BENCHMARK_RESULTS.csv: OK
./RC4_2_FINAL_GATE.md: OK
./RC4_2_GATE_REPORT.md: OK
./RC4_2_INFERENCE_EXAMPLES.md: OK
./RC4_2_QUALITY_REPORT.md: OK
./RC4_3_FAILURE_MATRIX.md: OK
./RC4_3_GATE_REPORT.md: OK
./RC4_3_RESILIENCE_REPORT.md: OK
./RC4_4_AUTOMATION_REPORT.md: OK
./RC4_4_GATE_REPORT.md: OK
./RC4_4_PIPELINE_LOG.md: OK
./RC4_4_RELEASE_REPORT.md: OK
./RC4_5_CONFIGURATION_REFERENCE.md: OK
./RC4_5_DEPLOYMENT_GUIDE.md: OK
./RC4_5_GATE_REPORT.md: OK
./RC4_5_INSTALLATION_GUIDE.md: OK
./RC4_5_OPERATIONS_MANUAL.md: OK
./RC4_5_PRODUCTION_CHECKLIST.md: OK
./RC4_6_GATE_FINAL.md: OK
./RC4_AUTOMATION_PLAN.md: OK
./RC4_BASELINE_PLAN.md: OK
./RC4_GATE_SPECIFICATION.md: OK
./RC4_MASTER_PLAN.md: OK
./RC4_PRODUCTION_PLAN.md: OK
./RC4_RESILIENCE_PLAN.md: OK
./rc4_run.py: OK
./RC4_SCALABILITY_PLAN.md: OK
./RC5_1_FINAL_REPORT.md: OK
./RC5_1_R10_TEST_MATRIX.md: OK
./rc5_2_adversarial_tests.py: OK
./rc5_2_artifacts.py: OK
./rc5_2_canonical.py: OK
./rc5_2_coordinator.py: OK
./rc5_2_db.py: OK
./rc5_2_http_server.py: OK
./RC5_2_IMPLEMENTATION_PLAN.md: OK
./rc5_2_jsonrpc.py: OK
./rc5_2_lora.py: OK
./rc5_2_numerical_adapter.py: OK
./rc5_2_numerical_models.py: OK
./rc5_2_numerical_profile.py: OK
./RC5_2_NUMERICAL_TEST_PLAN.md: OK
./RC5_2_PHASE1_FINAL_REPORT.md: OK
./RC5_2_PHASE1_MUTATION_REPORT.md: OK
./RC5_2_PHASE1_R4_TO_R5.diff: OK
./RC5_2_PHASE1_REPORT.md: OK
./RC5_2_PHASE1_TEST_MATRIX.md: OK
./rc5_2_phase1_tests.py: OK
./rc5_2_phase2_tests.py: OK
./RC5_2_PROTOCOL_ADDENDUM_FINAL.md: OK
./RC5_2_PROTOCOL_TENSORS.md: OK
./RC5_2_R12_CLOSEOUT_REPORT.md: OK
./rc5_2_receipt.py: OK
./RC5_2_RISK_REGISTER.md: OK
./rc5_2_split_server.py: OK
./RC5_2_STATE_MACHINE.md: OK
./rc5_2_state.py: OK
./rc5_2_tensor_bundle.py: OK
./rc5_2_tensor_envelope.py: OK
./rc5_2_worker_runtime.py: OK
./RC5_3_ADVERSARIAL_REPORT.md: OK
./rc5_3_adversarial_tests.py: OK
./rc53_design/ADR_RC5_3_MULTIWORKER.md: OK
./rc53_design/RC5_3_CALIBRATION_PLAN.md: OK
./rc53_design/RC5_3_IMPLEMENTATION_PLAN.md: OK
./rc53_design/RC5_3_MUTATION_PLAN.md: OK
./rc53_design/RC5_3_RISK_REGISTER.md: OK
./rc53_design/RC5_3_ROUND_PROTOCOL.md: OK
./rc53_design/RC5_3_TEST_PLAN.md: OK
./RC5_3_FINAL_REPORT.md: OK
./rc5_3_multiworker.py: OK
./RC5_3_MUTATION_REPORT.md: OK
./RC5_3_RISK_REGISTER.md: OK
./RC5_3_TEST_MATRIX.md: OK
./rc5_3_tests.py: OK
./RC5_4_ADVERSARIAL_REPORT.md: OK
./rc5_4_adversarial_tests.py: OK
./RC5_4_CRASH_MATRIX_REPORT.md: OK
./rc54_design/ADR_RC5_4_RECOVERY.md: OK
./rc54_design/RC5_4_IMPLEMENTATION_PLAN.md: OK
./rc54_design/RC5_4_RISK_REGISTER.md: OK
./rc54_design/RC5_4_TEST_MATRIX.md: OK
./RC5_4_FINAL_REPORT.md: OK
./rc5_4_http_lease_tests.py: OK
./rc5_4_http_server.py: OK
./rc5_4_integration.py: OK
./rc5_4_leases.py: OK
./rc5_4_mid_backward_real.py: OK
./RC5_4_MUTATION_REPORT.md: OK
./rc5_4_restart_real.py: OK
./RC5_4_RISK_REGISTER.md: OK
./RC5_4_TEST_MATRIX.md: OK
./rc5_4_tests.py: OK
./rc5_coordinator_ext.py: OK
./rc5_db.py: OK
./rc5_receipt.py: OK
./rc5_split_server.py: OK
./rc5_tests.py: OK
./README.md: OK
./RELEASE_NOTES.md: OK
./requirements-rc5.1.txt: OK
./requirements-runtime.txt: OK
./runner.py: OK
./RUN_RC5_1_MUTATION_GATE.sh: OK
./RUN_RC5_1_TESTS.sh: OK
./RUN_RC5_2_CONTROLLED_FAILURE.sh: OK
./RUN_RC5_2_PHASE1_FINAL_GATE.sh: OK
./RUN_RC5_2_PHASE1_MUTATION_GATE.sh: OK
./RUN_RC5_2_PHASE1_TESTS.sh: OK
./RUN_RC5_2_PHASE2_ADVERSARIAL_GATE.sh: OK
./RUN_RC5_2_PHASE2_FINAL_GATE.sh: OK
./RUN_RC5_2_PHASE2_MUTATION_GATE.sh: OK
./RUN_RC5_2_PHASE2_PREDELIVERY.sh: OK
./RUN_RC5_2_PHASE2_TESTS.sh: OK
./RUN_RC5_3_ADVERSARIAL_GATE.sh: OK
./RUN_RC5_3_CLEAN_EXTRACTION_GATE.sh: OK
./RUN_RC5_3_CONTROLLED_FAILURE.sh: OK
./RUN_RC5_3_DEPENDENCY_PROBE.sh: OK
./RUN_RC5_3_FINAL_GATE.sh: OK
./RUN_RC5_3_MANIFEST_PROBE.sh: OK
./RUN_RC5_3_MUTATION_GATE.sh: OK
./RUN_RC5_3_TESTS.sh: OK
./RUN_RC5_4_ADVERSARIAL_GATE.sh: OK
./RUN_RC5_4_CLEAN_EXTRACTION_GATE.sh: OK
./RUN_RC5_4_CONTROLLED_FAILURE.sh: OK
./RUN_RC5_4_FINAL_GATE.sh: OK
./RUN_RC5_4_HTTP_LEASE_GATE.sh: OK
./RUN_RC5_4_MID_BACKWARD_GATE.sh: OK
./RUN_RC5_4_MUTATION_GATE.sh: OK
./RUN_RC5_4_RESTART_GATE.sh: OK
./RUN_RC5_4_RESTART_REAL_GATE.sh: OK
./RUN_RC5_4_TESTS.sh: OK
./synthetic_tensor_store.py: OK
./verify.txt: OK
./VERSION_1_CERTIFICATE.md: OK
