============================================================
  RC5.3 Stage B R5 — ADVERSARIAL GATE (28)
============================================================

--- adv_r3_01_server_artifact_hash_real ---
/root/tmp_r53/mf_probe_aFCyzH/rc5_2_tensor_bundle.py:71: UserWarning: The given buffer is not writable, and PyTorch does not support non-writable tensors. This means you can write to the underlying (supposedly non-writable) buffer using the tensor. You may want to copy the buffer to protect its data or make it writable before converting it to a tensor. This type of warning will be suppressed for the rest of this program. (Triggered internally at /__w/pytorch/pytorch/torch/csrc/utils/tensor_new.cpp:1556.)
  arr = torch.frombuffer(chunk, dtype=torch.float32).reshape(t["shape"]).clone()
  ✅ ADV-R3-01: server artifact hash real (64 hex, matches bytes)

--- adv_r3_02_fake_server_hash_rejected ---
  ✅ ADV-R3-02: fake server hash rejected

--- adv_r3_03_altered_server_bytes_rejected ---
  ✅ ADV-R3-03: altered server bytes rejected

--- adv_r3_04_server_artifact_restart_exact ---
  ✅ ADV-R3-04: server artifact restart exact

--- adv_r3_05_shared_worker_base_ab ---
  ✅ ADV-R3-05: shared worker base A/B

--- adv_r3_06_shared_base_adapter_ab_round ---
  ✅ ADV-R3-06: base_adapter == adapter_0 == worker hash

--- adv_r3_07_failed_model_registration_atomic ---
  ✅ ADV-R3-07: failed registration atomic (original intact)

--- adv_r3_08_assignment_same_payload_idempotent ---
  ✅ ADV-R3-08: assignment same payload idempotent

--- adv_r3_09_assignment_changed_shard_rejected ---
  ✅ ADV-R3-09: changed shard rejected

--- adv_r3_10_assignment_changed_ett_rejected ---
  ✅ ADV-R3-10: changed ETT rejected

--- adv_r3_11_assignment_changed_worker_rejected ---
  ✅ ADV-R3-11: changed worker rejected

--- adv_r3_12_calibration_same_payload_idempotent ---
  ✅ ADV-R3-12: calibration same payload idempotent

--- adv_r3_13_calibration_changed_payload_rejected ---
  ✅ ADV-R3-13: calibration changed payload rejected

--- adv_r3_14_uncalibrated_worker_rejected ---
  ✅ ADV-R3-14: uncalibrated worker rejected

--- adv_r3_15_explicit_parent_adapter ---
  ✅ ADV-R3-15: explicit parent adapter enforced
  ✅ ADV-R3-15b: parent_adapter_hash persisted == parent global

--- adv_r3_16_r10_r2_lineage_not_lexical ---
  ✅ ADV-R3-16a: r10 has round_index 1
  ✅ ADV-R3-16b: r2 (parent r10) has round_index 2
  ✅ ADV-R3-16c: lineage by explicit parent, not lexical order

--- adv_r3_17_contribution_not_from_upload_rejected ---
  ✅ ADV-R3-17: contribution not from upload rejected

--- adv_r3_18_contribution_receipt_mismatch_rejected ---
  ✅ ADV-R3-18: receipt mismatch rejected

--- adv_r3_19_same_contribution_changed_payload_rejected ---
  ✅ ADV-R3-19: source_request_sha == assignment request_sha

--- adv_r3_20_superseded_excluded ---
  ✅ ADV-R3-20: SUPERSEDED excluded (rev1 SUPERSEDED, rev2 ACTIVE)
  ✅ ADV-R3-20b: FedAvg uses ACTIVE only

--- adv_r3_21_exact_assignment_quorum ---
  ✅ ADV-R3-21: exact assignment quorum (1/2 not enough)

--- adv_r3_22_restart_full_adapter_equality ---
  ✅ ADV-R3-22: restart full adapter equality

--- adv_r3_23_journal_survives_restart ---
  ✅ ADV-R3-23: journal survives restart (same delta, no re-apply)

--- adv_r3_24_no_second_optimizer_after_restart ---
  ✅ ADV-R3-24: no second optimizer after restart

--- adv_r3_25_closed_immutable ---
  ✅ ADV-R3-25: CLOSED immutable (reopen)
  ✅ ADV-R3-25b: close idempotent after CLOSED

--- adv_r3_26_adapter_round2_oracle ---
  ✅ ADV-R3-26: adapter Round 2 oracle == Coordinator

--- adv_r3_27_alien_backward_rejected ---
  ✅ ADV-R3-27: alien backward rejected

--- adv_r3_28_ett_derived_from_labels ---
  ✅ ADV-R3-28: ETT derived from labels

============================================================
  Resultat: 33/33 PASS, 0 FAIL
============================================================
