============================================
  RC5.4 Stage A — COMBINED FINAL GATE
  Python: Python 3.13.5
  LOG_DIR: /root/tmp_r53/ce_r54r31b
============================================
dependency check: PASS (torch 2.13.0+cpu, numpy 2.4.4)
  [1/17] dependency check: PASS
  [2/17] py_compile: PASS
=== [3/17] RC5.4 normal x2 ===
=== RUN 1 (suite normal completa) ===
=== RC5.4 CRASH MATRIX: 27/27 PASS, 0 FAIL ===
=== RUN 2 (suite normal completa) ===
=== RC5.4 CRASH MATRIX: 27/27 PASS, 0 FAIL ===
=== adversarial (report separat) ===
=== RC5.4 ADVERSARIAL: 51/51 PASS, 0 FAIL ===
RC5.4 normal x2: PASS (R1=0 R2=0) | adversarial: PASS
  [3/17] RC5.4 normal x2: PASS (exit 0)
=== [4/17] RC5.4 adversarial ===
RC5.4 adversarial: PASS (exit 0)
  [4/17] RC5.4 adversarial: PASS (exit 0)
=== [5/18] RC5.4 mutation ===
=== BASELINE ===
  py_compile: PASS
Baseline: PASS

=== mut_r4_01_ignore_expiry ===
  mutant: mut_r4_01_ignore_expiry | fitxer: mut_r4_01_ignore_expiry.py
  patró: now = self._now_f()
  substitució: now = self._now_f() - 1e9
  py_compile: PASS
  suite executada: crash=0 adv=1 http=0 | tracebacks: 0 (0+0+0)
  assertion detectora: FAIL ADV-03 lease EXPIRED automàticament 
  mut_r4_01_ignore_expiry: DETECTED

=== mut_r4_02_accept_expired_contribution ===
  mutant: mut_r4_02_accept_expired_contribution | fitxer: mut_r4_02_accept_expired_contribution.py
  patró: if lease["status"] not in (LEASE_ACTIVE, LEASE_RENEWED):
  substitució: if lease["status"] not in (LEASE_ACTIVE, LEASE_RENEWED, LEASE_EXPIRED):
  py_compile: PASS
  suite executada: crash=0 adv=1 http=0 | tracebacks: 0 (0+0+0)
  assertion detectora: FAIL ADV-R4-30 old worker HTTP calls rejected after reassign 
  mut_r4_02_accept_expired_contribution: DETECTED

=== mut_r4_03_double_active_lease ===
  mutant: mut_r4_03_double_active_lease | fitxer: mut_r4_03_double_active_lease.py
  patró: CREATE UNIQUE INDEX IF NOT EXISTS idx_leases_one_active
  substitució: CREATE INDEX IF NOT EXISTS idx_leases_one_active
  py_compile: PASS
  suite executada: crash=0 adv=1 http=0 | tracebacks: 0 (0+0+0)
  assertion detectora: FAIL ADV-R4-15b índex parcial únic present 
  mut_r4_03_double_active_lease: DETECTED

=== mut_r4_04_alien_renewal ===
  mutant: mut_r4_04_alien_renewal | fitxer: mut_r4_04_alien_renewal.py
  patró: if row["worker_id"] != worker_id or row["session_id"] != session_id:
  substitució: if False:
  py_compile: PASS
  suite executada: crash=0 adv=1 http=0 | tracebacks: 0 (0+0+0)
  assertion detectora: FAIL ADV-02 renewal aliena rebutjada 
  mut_r4_04_alien_renewal: DETECTED

=== mut_r4_05_ignore_nonce ===
  mutant: mut_r4_05_ignore_nonce | fitxer: mut_r4_05_ignore_nonce.py
  patró: if row["lease_nonce"] != lease_nonce:
  substitució: if False:
  py_compile: PASS
  suite executada: crash=0 adv=1 http=0 | tracebacks: 0 (0+0+0)
  assertion detectora: FAIL ADV-05 stale lease nonce rebutjat 
  mut_r4_05_ignore_nonce: DETECTED

=== mut_r4_06_reassign_before_expiry ===
  mutant: mut_r4_06_reassign_before_expiry | fitxer: mut_r4_06_reassign_before_expiry.py
  patró: return row["status"] in (LEASE_EXPIRED, LEASE_ABORTED)
  substitució: return True
  py_compile: PASS
  suite executada: crash=0 adv=1 http=0 | tracebacks: 0 (0+0+0)
  assertion detectora: FAIL ADV-07 reassign abans expiry rebutjat 
  mut_r4_06_reassign_before_expiry: DETECTED

=== mut_r4_07_double_optimizer ===
  mutant: mut_r4_07_double_optimizer | fitxer: mut_r4_07_double_optimizer.py
  patró: if state == JRN_SUBMITTED and delta_sha is None:
  substitució: if state == JRN_SUBMITTED and delta_sha is None and False:
  py_compile: PASS
  suite executada: crash=0 adv=1 http=0 | tracebacks: 0 (0+0+0)
  assertion detectora: FAIL ADV-R4-26b SUBMITTED sense delta rejected 
  mut_r4_07_double_optimizer: DETECTED

=== mut_r4_08_different_receipt ===
  mutant: mut_r4_08_different_receipt | fitxer: mut_r4_08_different_receipt.py
  patró: ("receipt_json", receipt),
  substitució: # ("receipt_json", receipt),
  py_compile: PASS
  suite executada: crash=0 adv=1 http=0 | tracebacks: 0 (0+0+0)
  assertion detectora: FAIL ADV-R4-27 conflicting receipt rejected 
  mut_r4_08_different_receipt: DETECTED

=== mut_r4_09_stale_adapter ===
  mutant: mut_r4_09_stale_adapter | fitxer: mut_r4_09_stale_adapter.py
  patró: ("adapter_hash", adapter_hash)]:
  substitució: ("adapter_hash", None)]:
  py_compile: PASS
  suite executada: crash=0 adv=1 http=0 | tracebacks: 0 (0+0+0)
  assertion detectora: FAIL ADV-11 conflicting adapter REJECTED 
  mut_r4_09_stale_adapter: DETECTED

=== mut_r4_10_expired_in_fedavg ===
  mutant: mut_r4_10_expired_in_fedavg | fitxer: mut_r4_10_expired_in_fedavg.py
  patró: return row["status"] in (LEASE_EXPIRED, LEASE_ABORTED)
  substitució: return row["status"] in (LEASE_ABORTED,)
  py_compile: PASS
  suite executada: crash=1 adv=0 http=0 | tracebacks: 0 (0+0+0)
  assertion detectora: FAIL REC-05 reassignable after EXPIRED 
  mut_r4_10_expired_in_fedavg: DETECTED

=== mut_r4_11_old_revision_commit ===
  mutant: mut_r4_11_old_revision_commit | fitxer: mut_r4_11_old_revision_commit.py
  patró: q += " ORDER BY updated_at DESC LIMIT 1"
  substitució: q += " ORDER BY updated_at ASC LIMIT 1"
  py_compile: PASS
  suite executada: crash=0 adv=1 http=0 | tracebacks: 0 (0+0+0)
  assertion detectora: FAIL ADV-13 journal resol a lease més recent (B) 
  mut_r4_11_old_revision_commit: DETECTED

=== mut_r4_12_mid_backward_safe ===
  mutant: mut_r4_12_mid_backward_safe | fitxer: mut_r4_12_mid_backward_safe.py
  patró: "SELECT lease_id FROM leases_r54 WHERE status IN (?,?) AND expires_at <= ?",
  substitució: "SELECT lease_id FROM leases_r54 WHERE status IN (?,?) AND expires_at <= ? AND 0",
  py_compile: PASS
  suite executada: crash=0 adv=1 http=0 | tracebacks: 0 (0+0+0)
  assertion detectora: FAIL ADV-03 lease EXPIRED automàticament 
  mut_r4_12_mid_backward_safe: DETECTED

=== mut_r4_13_no_run_binding ===
  mutant: mut_r4_13_no_run_binding | fitxer: mut_r4_13_no_run_binding.py
  patró: ("run_id", lease["run_id"] == run_id),
  substitució: ("run_id", True),
  py_compile: PASS
  suite executada: crash=0 adv=1 http=0 | tracebacks: 0 (0+0+0)
  assertion detectora: FAIL ADV-R4-15 cross-run journal rejected 
  mut_r4_13_no_run_binding: DETECTED

=== mut_r4_14_no_round_binding ===
  mutant: mut_r4_14_no_round_binding | fitxer: mut_r4_14_no_round_binding.py
  patró: ("round_id", lease["round_id"] == round_id),
  substitució: ("round_id", True),
  py_compile: PASS
  suite executada: crash=0 adv=1 http=0 | tracebacks: 0 (0+0+0)
  assertion detectora: FAIL ADV-R4-16 cross-round journal rejected 
  mut_r4_14_no_round_binding: DETECTED

=== mut_r4_15_no_assignment_binding ===
  mutant: mut_r4_15_no_assignment_binding | fitxer: mut_r4_15_no_assignment_binding.py
  patró: ("assignment_id", lease["assignment_id"] == assignment_id),
  substitució: ("assignment_id", True),
  py_compile: PASS
  suite executada: crash=0 adv=1 http=0 | tracebacks: 0 (0+0+0)
  assertion detectora: FAIL ADV-R4-17 cross-assignment journal rejected 
  mut_r4_15_no_assignment_binding: DETECTED

=== mut_r4_16_no_unit_binding ===
  mutant: mut_r4_16_no_unit_binding | fitxer: mut_r4_16_no_unit_binding.py
  patró: ("micro_unit_id", lease["micro_unit_id"] == micro_unit_id),
  substitució: ("micro_unit_id", True),
  py_compile: PASS
  suite executada: crash=0 adv=1 http=0 | tracebacks: 0 (0+0+0)
  assertion detectora: FAIL ADV-R4-18 cross-unit journal rejected 
  mut_r4_16_no_unit_binding: DETECTED

=== mut_r4_17_no_session_binding ===
  mutant: mut_r4_17_no_session_binding | fitxer: mut_r4_17_no_session_binding.py
  patró: ("session_id", lease["session_id"] == session_id),
  substitució: ("session_id", True),
  py_compile: PASS
  suite executada: crash=0 adv=1 http=0 | tracebacks: 0 (0+0+0)
  assertion detectora: FAIL ADV-R4-19 wrong session journal rejected 
  mut_r4_17_no_session_binding: DETECTED

=== mut_r4_18_allow_released ===
  mutant: mut_r4_18_allow_released | fitxer: mut_r4_18_allow_released.py
  patró: if lease["status"] not in (LEASE_ACTIVE, LEASE_RENEWED):
  substitució: if lease["status"] not in (LEASE_ACTIVE, LEASE_RENEWED, LEASE_RELEASED):
  py_compile: PASS
  suite executada: crash=0 adv=1 http=0 | tracebacks: 0 (0+0+0)
  assertion detectora: FAIL ADV-R4-20 write after RELEASED rejected 
  mut_r4_18_allow_released: DETECTED

=== mut_r4_19_allow_state_regression ===
  mutant: mut_r4_19_allow_state_regression | fitxer: mut_r4_19_allow_state_regression.py
  patró: if state not in allowed and state != cur_state:
  substitució: if False:
  py_compile: PASS
  suite executada: crash=0 adv=1 http=0 | tracebacks: 0 (0+0+0)
  assertion detectora: FAIL ADV-R4-25 COMMITTED to PREPARED rejected 
  mut_r4_19_allow_state_regression: DETECTED

=== mut_r4_20_accept_conflicting_receipt ===
  mutant: mut_r4_20_accept_conflicting_receipt | fitxer: mut_r4_20_accept_conflicting_receipt.py
  patró: if oldv is not None and newv is not None and newv != oldv:
  substitució: if oldv is not None and newv is not None and newv != oldv and False:
  py_compile: PASS
  suite executada: crash=1 adv=1 http=0 | tracebacks: 0 (0+0+0)
  assertion detectora: FAIL REC-07b conflicting update_id REJECTED 
  mut_r4_20_accept_conflicting_receipt: DETECTED

=== mut_r4_21_acquire_after_released ===
  mutant: mut_r4_21_acquire_after_released | fitxer: mut_r4_21_acquire_after_released.py
  patró: if st in (LEASE_ACTIVE, LEASE_RENEWED, LEASE_RELEASED):
  substitució: if st in (LEASE_ACTIVE, LEASE_RENEWED):
  py_compile: PASS
  suite executada: crash=0 adv=1 http=0 | tracebacks: 0 (0+0+0)
  assertion detectora: FAIL ADV-R4-21 reacquire after RELEASED rejected 
  mut_r4_21_acquire_after_released: DETECTED

=== mut_r4_22_expiry_lt ===
  mutant: mut_r4_22_expiry_lt | fitxer: mut_r4_22_expiry_lt.py
  patró: AND expires_at <= ?",
  substitució: AND expires_at < ?",
  py_compile: PASS
  suite executada: crash=0 adv=1 http=0 | tracebacks: 0 (0+0+0)
  assertion detectora: FAIL ADV-R4-23 exact expires_at is EXPIRED 
  mut_r4_22_expiry_lt: DETECTED

=== mut_r4_23_ignore_rowcount ===
  mutant: mut_r4_23_ignore_rowcount | fitxer: mut_r4_23_ignore_rowcount.py
  patró: raise LeaseError(f"No active lease for unit {micro_unit_id}")
  substitució: return {"unit_id": micro_unit_id, "status": LEASE_EXPIRED}
  py_compile: PASS
  suite executada: crash=0 adv=1 http=0 | tracebacks: 0 (0+0+0)
  assertion detectora: FAIL ADV-R4-23b expire sense lease error 
  mut_r4_23_ignore_rowcount: DETECTED

=== mut_r4_24_pipeline_no_lease ===
  mutant: mut_r4_24_pipeline_no_lease | fitxer: mut_r4_24_pipeline_no_lease.py
  patró: self._require_lease_params(p)
  substitució: pass  # no lease check
  py_compile: PASS
  suite executada: crash=0 adv=0 http=1 | tracebacks: 0 (0+0+0)
  assertion detectora: FAIL H-25 retry exacte amb lease expirada REJECTED 
  mut_r4_24_pipeline_no_lease: DETECTED

=== mut_r4_25_bypass_step_open ===
  mutant: mut_r4_25_bypass_step_open | fitxer: mut_r4_25_bypass_step_open.py
  patró: if self.rc54_enabled and method in RC54_GATED:
  substitució: if self.rc54_enabled and method in RC54_GATED and method != "step.open":
  py_compile: PASS
  suite executada: crash=0 adv=0 http=1 | tracebacks: 0 (0+0+0)
  assertion detectora: FAIL H-01 step.open sense lease rejected 
  mut_r4_25_bypass_step_open: DETECTED

=== mut_r4_26_bypass_backward ===
  mutant: mut_r4_26_bypass_backward | fitxer: mut_r4_26_bypass_backward.py
  patró: if self.rc54_enabled and method in RC54_GATED:
  substitució: if self.rc54_enabled and method in RC54_GATED and method != "step.server_backward.fetch":
  py_compile: PASS
  suite executada: crash=0 adv=0 http=1 | tracebacks: 0 (0+0+0)
  assertion detectora: FAIL H-07 expired lease backward rejected 
  mut_r4_26_bypass_backward: DETECTED

=== mut_r4_27_bypass_commit ===
  mutant: mut_r4_27_bypass_commit | fitxer: mut_r4_27_bypass_commit.py
  patró: if self.rc54_enabled and method in RC54_GATED:
  substitució: if self.rc54_enabled and method in RC54_GATED and method != "step.commit":
  py_compile: PASS
  suite executada: crash=0 adv=0 http=1 | tracebacks: 0 (0+0+0)
  assertion detectora: FAIL H-14 step.commit sense lease rejected 
  mut_r4_27_bypass_commit: DETECTED

=== mut_r4_28_bypass_upload ===
  mutant: mut_r4_28_bypass_upload | fitxer: mut_r4_28_bypass_upload.py
  patró: if self.rc54_enabled and method in RC54_GATED:
  substitució: if self.rc54_enabled and method in RC54_GATED and method != "checkpoint.upload":
  py_compile: PASS
  suite executada: crash=0 adv=0 http=1 | tracebacks: 0 (0+0+0)
  assertion detectora: FAIL H-15 checkpoint.upload sense lease rejected 
  mut_r4_28_bypass_upload: DETECTED

=== mut_r4_29_bypass_contrib_reg ===
  mutant: mut_r4_29_bypass_contrib_reg | fitxer: mut_r4_29_bypass_contrib_reg.py
  patró: self._check_lease(lease_id, lease_nonce, worker_id, session_id, run_id, round_id, assignment_id, micro_unit_id)
  substitució: pass  # self._check_lease(lease_id, lease_nonce, worker_id, session_id, run_id, round_id, assignment_id, micro_unit_id)
  py_compile: PASS
  suite executada: crash=0 adv=0 http=1 | tracebacks: 0 (0+0+0)
  assertion detectora: FAIL H-12b registration amb lease inexistent rejected 
  mut_r4_29_bypass_contrib_reg: DETECTED

=== mut_r4_30_accept_expired ===
  mutant: mut_r4_30_accept_expired | fitxer: mut_r4_30_accept_expired.py
  patró: raise RecoveryError("lease_binding_mismatch", fields=bad)\n        if row["status"] not in (LEASE_ACTIVE, LEASE_RENEWED):
  substitució: raise RecoveryError("lease_binding_mismatch", fields=bad)\n        if row["status"] not in (LEASE_ACTIVE, LEASE_RENEWED, LEASE_EXPIRED):
  py_compile: PASS
  suite executada: crash=0 adv=0 http=1 | tracebacks: 0 (0+0+0)
  assertion detectora: FAIL H-07 expired lease backward rejected 
  mut_r4_30_accept_expired: DETECTED

=== mut_r4_31_accept_released ===
  mutant: mut_r4_31_accept_released | fitxer: mut_r4_31_accept_released.py
  patró: raise RecoveryError("lease_binding_mismatch", fields=bad)\n        if row["status"] not in (LEASE_ACTIVE, LEASE_RENEWED):
  substitució: raise RecoveryError("lease_binding_mismatch", fields=bad)\n        if row["status"] not in (LEASE_ACTIVE, LEASE_RENEWED, LEASE_RELEASED):
  py_compile: PASS
  suite executada: crash=0 adv=0 http=1 | tracebacks: 0 (0+0+0)
  assertion detectora: FAIL H-10 released lease rejected 
  mut_r4_31_accept_released: DETECTED

=== mut_r4_32_ignore_session ===
  mutant: mut_r4_32_ignore_session | fitxer: mut_r4_32_ignore_session.py
  patró: ("session_id", row["session_id"] == session_id),
  substitució: ("session_id", True),
  py_compile: PASS
  suite executada: crash=0 adv=0 http=1 | tracebacks: 0 (0+0+0)
  assertion detectora: FAIL H-03 wrong session rejected 
  mut_r4_32_ignore_session: DETECTED

=== mut_r4_33_ignore_revision ===
  mutant: mut_r4_33_ignore_revision | fitxer: mut_r4_33_ignore_revision.py
  patró: ("micro_unit_id", row["micro_unit_id"] == micro_unit_id),
  substitució: ("micro_unit_id", True),
  py_compile: PASS
  suite executada: crash=0 adv=0 http=1 | tracebacks: 0 (0+0+0)
  assertion detectora: FAIL H-16 lease cross-unit rejected 
  mut_r4_33_ignore_revision: DETECTED

=== mut_r4_34_accept_old_worker ===
  mutant: mut_r4_34_accept_old_worker | fitxer: mut_r4_34_accept_old_worker.py
  patró: ("worker_id", row["worker_id"] == worker_id),
  substitució: ("worker_id", True),
  py_compile: PASS
  suite executada: crash=0 adv=0 http=1 | tracebacks: 0 (0+0+0)
  assertion detectora: FAIL H-11 old worker rejected after reassign 
  mut_r4_34_accept_old_worker: DETECTED

=== mut_r4_35_no_idem_check ===
  mutant: mut_r4_35_no_idem_check | fitxer: mut_r4_35_no_idem_check.py
  patró:                 cached = self._check_idem(lk, sha)
  substitució:                 cached = None  # _check_idem eliminat
  py_compile: PASS
  suite executada: crash=0 adv=0 http=1 | tracebacks: 0 (0+0+0)
  assertion detectora: FAIL H-19 forward exact retry -> mateix backward_id 
  mut_r4_35_no_idem_check: DETECTED

=== mut_r4_36_cache_before_lease ===
  mutant: mut_r4_36_cache_before_lease | fitxer: mut_r4_36_cache_before_lease.py
  patró:                 self.recovery._validate_lease(params)
  substitució:                 cached = self._check_idem(lk, sha)
  py_compile: PASS
  suite executada: crash=0 adv=0 http=1 | tracebacks: 0 (0+0+0)
  assertion detectora: FAIL H-25 retry exacte amb lease expirada REJECTED 
  mut_r4_36_cache_before_lease: DETECTED

=== mut_r4_37_accept_conflict ===
  mutant: mut_r4_37_accept_conflict | fitxer: mut_r4_37_accept_conflict.py
  patró:                 cached = self._check_idem(lk, sha)
  substitució:                 cached = None  # accepta sempre, sense REJECTED
  py_compile: PASS
  suite executada: crash=0 adv=0 http=1 | tracebacks: 0 (0+0+0)
  assertion detectora: FAIL H-19 forward exact retry -> mateix backward_id 
  mut_r4_37_accept_conflict: DETECTED

=== RESUM ===
Score: 37/37 Invalid: 0 Runtime: 0 Not_applied: 0 Timeouts: 0
Mutation gate RC5.4: PASS
  [5/18] RC5.4 mutation: PASS (exit 0)
=== [5b/18] HTTP lease adversarial (dispatcher real) ===
=== HTTP LEASE ADVERSARIAL: 26/26 PASS, 0 FAIL ===
HTTP lease adversarial: PASS (exit 0)
  [5b/18] HTTP lease adversarial (dispatcher real): PASS (exit 0)
=== [6/17] RC5.3 combined ===
============================================
  RC5.3 Stage B R6 — COMBINED FINAL GATE
  LOG_DIR: /root/tmp_r53/ce_r54r31b
============================================

=== [1/20] dependency check ===
  dependency check: PASS

=== [2/20] py_compile ===
  py_compile: PASS

  [3/20] RC5.3 normal x2: PASS

  [4/20] RC5.3 adversarial: PASS

  [5/20] RC5.3 mutation: PASS

  [6/20] RC5.2 normal x2: PASS

  [7/20] RC5.2 adversarial: PASS

  [8/20] RC5.2 mutation: PASS

  [9/20] Phase 1 x2: PASS

  [10/20] Phase 1 mutation: PASS

  [11/20] RC5.1 x2: PASS

  [12/20] RC5.1 mutation: PASS

=== [13/16] restart subprocess ===
  restart subprocess: PASS

=== [14/16] controlled-failure RC5.3 ===
  controlled-failure RC5.3: PASS

=== [15/16] controlled-failure RC5.2 ===
  controlled-failure RC5.2: PASS

=== [16/16] manifest ===
  manifest: PASS (ALL FILES OK, cobertura completa)

=== [16b/16] clean extraction ===
  clean extraction: SKIPPED (mode delegat RC53_SKIP_CLEAN_EXTRACTION=1)

============================================
  RC5.3 COMBINED GATE — Overall: PASS
============================================
  [6/17] RC5.3 combined: PASS (exit 0)
=== [7/17] RC5.2 Phase 2 ===
============================================
  RC5.2 Phase 2 R12 — FINAL GATE
  LOG_DIR: /root/tmp_r53/ce_r54r31b
============================================

  Phase 2 Run 1: PASS

  Phase 2 adversarial: PASS

  Phase 2 mutation: PASS

  Phase 1 Run 1: PASS

  Phase 1 mutation: PASS

  RC5.1 Run 1: PASS

  RC5.1 mutation: PASS

=== Controlled failure (RC5.2) ===
  controlled-failure RC5.2: PASS

============================================
  RC5.2 Phase 2 R12 — Overall: PASS
============================================
  [7/17] RC5.2 Phase 2: PASS (exit 0)
=== [8/17] Phase 1 ===
============================================
  RC5.2 Phase 1 — Test Runner
============================================
Python: Python 3.13.5
Found: rc5_2_numerical_profile.py
Found: rc5_2_lora.py
Found: rc5_2_numerical_models.py
Found: rc5_2_phase1_tests.py
All deps present.
=== RUN 1 ===
============================================================
  RC5.2 Phase 1 R5 — Numerical Tests
============================================================

--- P1-N01 ---
  ✅ P1-N01: hash stable

--- P1-N02 ---
  ✅ P1-N02: all state identical, 0 missing, 0 unexpected

--- P1-N03 ---
  ✅ P1-N03: server activation

--- P1-N04 ---
  ✅ P1-N04: cut activation

--- P1-N05 ---
  ✅ P1-N05: logits

--- P1-N06 ---
  ✅ P1-N06: loss

--- P1-N07 ---
  ✅ P1-N07: cut gradient

--- P1-N08 ---
  ✅ P1-N08: LoRA-A gradient

--- P1-N09 ---
  ✅ P1-N09: LoRA-B gradient

--- P1-N10 ---
  ✅ P1-N10: optimizer == LoRA

--- P1-N11 ---
  ✅ P1-N11: base requires_grad False

--- P1-N12 ---
  ✅ P1-N12: base grad None after backward

--- P1-N13 ---
  ✅ P1-N13: base weights unchanged

--- P1-N14 ---
  ✅ P1-N14: LoRA-A post-step

--- P1-N15 ---
  ✅ P1-N15: LoRA-B post-step

--- P1-N16 ---
  ✅ P1-N16: delta-A

--- P1-N17 ---
  ✅ P1-N17: delta-B

--- P1-N18 ---
  ✅ P1-N18: delta non-zero

--- P1-N19 ---
  ✅ P1-N19: deterministic

--- P1-N20 ---
  ✅ P1-N20: step2 loss
  ✅ P1-N20: grad A
  ✅ P1-N20: grad B
  ✅ P1-N20: LoRA-A
  ✅ P1-N20: LoRA-B
  ✅ P1-N20: delta-A
  ✅ P1-N20: delta-B

--- P1-N21 ---
  ✅ P1-N21: loss matches oracle
  ✅ P1-N21: label change alters loss

--- P1-N22 ---
  ✅ P1-N22: ETT=127

--- P1-N23 ---
  ✅ P1-N23: early positions unaffected by future
  ✅ P1-N23: late positions differ (non-trivial)
  ✅ P1-N23: causal_mask[0,1]==-inf

--- P1-N24 ---
  ✅ P1-N24: monolithic base frozen

--- P1-N25 ---
  ✅ P1-N25: monolithic base grad None

--- P1-N26 ---
  ✅ P1-N26: monolithic base unchanged

============================================================
  Resultat: 35/35 PASS, 0 FAIL
============================================================

=== RUN 2 ===
============================================================
  RC5.2 Phase 1 R5 — Numerical Tests
============================================================

--- P1-N01 ---
  ✅ P1-N01: hash stable

--- P1-N02 ---
  ✅ P1-N02: all state identical, 0 missing, 0 unexpected

--- P1-N03 ---
  ✅ P1-N03: server activation

--- P1-N04 ---
  ✅ P1-N04: cut activation

--- P1-N05 ---
  ✅ P1-N05: logits

--- P1-N06 ---
  ✅ P1-N06: loss

--- P1-N07 ---
  ✅ P1-N07: cut gradient

--- P1-N08 ---
  ✅ P1-N08: LoRA-A gradient

--- P1-N09 ---
  ✅ P1-N09: LoRA-B gradient

--- P1-N10 ---
  ✅ P1-N10: optimizer == LoRA

--- P1-N11 ---
  ✅ P1-N11: base requires_grad False

--- P1-N12 ---
  ✅ P1-N12: base grad None after backward

--- P1-N13 ---
  ✅ P1-N13: base weights unchanged

--- P1-N14 ---
  ✅ P1-N14: LoRA-A post-step

--- P1-N15 ---
  ✅ P1-N15: LoRA-B post-step

--- P1-N16 ---
  ✅ P1-N16: delta-A

--- P1-N17 ---
  ✅ P1-N17: delta-B

--- P1-N18 ---
  ✅ P1-N18: delta non-zero

--- P1-N19 ---
  ✅ P1-N19: deterministic

--- P1-N20 ---
  ✅ P1-N20: step2 loss
  ✅ P1-N20: grad A
  ✅ P1-N20: grad B
  ✅ P1-N20: LoRA-A
  ✅ P1-N20: LoRA-B
  ✅ P1-N20: delta-A
  ✅ P1-N20: delta-B

--- P1-N21 ---
  ✅ P1-N21: loss matches oracle
  ✅ P1-N21: label change alters loss

--- P1-N22 ---
  ✅ P1-N22: ETT=127

--- P1-N23 ---
  ✅ P1-N23: early positions unaffected by future
  ✅ P1-N23: late positions differ (non-trivial)
  ✅ P1-N23: causal_mask[0,1]==-inf

--- P1-N24 ---
  ✅ P1-N24: monolithic base frozen

--- P1-N25 ---
  ✅ P1-N25: monolithic base grad None

--- P1-N26 ---
  ✅ P1-N26: monolithic base unchanged

============================================================
  Resultat: 35/35 PASS, 0 FAIL
============================================================

============================================
  Phase 1 Run 1: PASS
  Phase 1 Run 2: PASS
  Timeouts: 0
  Flaky: 0
  Mandatory skips: 0
============================================
  [8/17] Phase 1: PASS (exit 0)
=== [9/17] RC5.1 ===
============================================
  RC5.1-R10 — Test Runner
============================================
Python: Python 3.13.5
Dir:    /root/tmp_r53/ce_B_9Wp1tZ

All deps present.

=== RUN 1 ===
============================================================
  RC5.1-R10 — T-R2 Tests
============================================================

--- T-R2-01 ---
  ✅ T-R2-01: work.request no deadlock
  ✅ T-R2-01: work.request no deadlock
  ✅ T-R2-01: work.request no deadlock
  ✅ T-R2-01: work.request no deadlock
  ✅ T-R2-01: work.request no deadlock

--- T-R2-02 ---
  ✅ T-R2-02: activation no deadlock

--- T-R2-03 ---
  ✅ T-R2-03: unique ACTIVE for same key

--- T-R2-04 ---
  ✅ T-R2-04: unknown worker rejected

--- T-R2-05 ---
  ✅ T-R2-05: wrong token rejected

--- T-R2-06 ---
  ✅ T-R2-06: retired key verifies old receipt

--- T-R2-07 ---
  ✅ T-R2-07: retired key cannot sign (raised)

--- T-R2-08 ---
  ✅ T-R2-08: delta_b64 is valid base64
  ✅ T-R2-08: delta_sha256 is 64 hex

--- T-R2-09 ---
  ✅ T-R2-09: wrong SHA rejected

--- T-R2-10 ---
  ✅ T-R2-10: nonce not consumed on failed upload

--- T-R2-11 ---
  ✅ T-R2-11: missing delta blocks round.close

--- T-R2-12 ---
  ✅ T-R2-12: corrupted delta blocks round.close

--- T-R2-13 ---
  ✅ T-R2-13: FedAvg result
  ✅ T-R2-13: round.close handles empty

--- T-R2-14 ---
  ✅ T-R2-14: base + delta

--- T-R2-15 ---
  ✅ T-R2-15: hashes differ

--- T-R2-16 ---
  ✅ T-R2-16: round.close returns COMPLETED

--- T-R2-17 ---
  ✅ T-R2-17: double close rejected

--- T-R2-18 ---
  ✅ T-R2-18: checkpoint persisted

--- T-R2-19 ---
  ✅ T-R2-19: session restored
  ✅ T-R2-19: nonces restored
  ✅ T-R2-19: contributions restored

--- T-R2-20 ---
  ✅ T-R2-20: round closed
  ✅ T-R2-20: 1 contribution aggregated

--- R4-expired ---
  ✅ R4-expired: status REJECTED
  ✅ R4-expired: reason is 'receipt expired'

--- R4-hash-evidence ---
  DEBUG upload response: {"jsonrpc": "2.0", "result": {"contribution_id": "b74967e6855e3cce", "revision": 1, "status": "RECEIVED"}, "id": "1"}
  ✅ R4-hash-evidence: upload accepted
  ✅ R4-hash-evidence: file SHA matches our_hash

--- R5-08-fedavg ---
  ✅ R5-08: round COMPLETED
  ✅ R5-08: 2 contributions
  ✅ R5-08: ett=40
  ✅ R5-08: global delta file exists
  ✅ R5-08: w = 2.5
  ✅ R5-08: adapter file exists

--- MUT-1-hmac ---
  ✅ MUT-1: HMAC check alive

--- MUT-2-ownership ---
  ✅ MUT-2: ownership check alive

--- MUT-3-nonce ---
  ✅ MUT-3a: first upload RECEIVED
  ✅ MUT-3b: nonce replay REJECTED

--- MUT-4-sha ---
  ✅ MUT-4: delta SHA verification alive

--- MUT-5-rc3 ---
  ✅ MUT-5: RC3 join check alive

============================================================
  Resultat: 45/45 PASS, 0 FAIL
  Timeouts: 0
============================================================
============================================================
  RC5.1-R10 — Tests
============================================================

--- R6-01-e2e ---
[SPLIT SERVER] 127.0.0.1:18802  d_model=32
  ✅ R6-01: step.open
  ✅ R6-01: step.embedding
/root/tmp_r53/ce_B_9Wp1tZ/rc5_split_server.py:230: UserWarning: The given buffer is not writable, and PyTorch does not support non-writable tensors. This means you can write to the underlying (supposedly non-writable) buffer using the tensor. You may want to copy the buffer to protect its data or make it writable before converting it to a tensor. This type of warning will be suppressed for the rest of this program. (Triggered internally at /__w/pytorch/pytorch/torch/csrc/utils/tensor_new.cpp:1556.)
  act = torch.frombuffer(base64.b64decode(act_b64), dtype=torch.float32).reshape(1, -1)
  ✅ R6-01: step.cut_activation
  ✅ R6-01: step.cut_gradient
  ✅ R6-01: loss
  ✅ R6-01: step.commit
  ✅ R6-01: receipt
  ✅ R6-01: delta non-zero (not zero-SHA)
  DEBUG: delta_sha[:16]=8db590f119444001, zero_sha[:16]=ad7facb2586fc6e9, match=False
  ✅ R6-01: delta != zero-tensor SHA

--- R6-02-revisions ---
  ✅ R6-A: v1 ACTIVE
  ✅ R6-A: v2 RECEIVED
  ✅ R6-B: v1 still ACTIVE
  ✅ R6-B: v2 VALIDATED
  ✅ R6-C: v1 SUPERSEDED
  ✅ R6-C: v2 ACTIVE
  ✅ R6-D: v2 still ACTIVE
  ✅ R6-D: 1 aggregated

--- R6-03-negative ---
  ✅ R6-03-1: SHA diff
  ✅ R6-03-2: bytes diff
  ✅ R6-03-3: SHA absent
  ✅ R6-03-4: 63 chars
  ✅ R6-03-5: non-hex
  ✅ R6-03-6: b64 absent
  ✅ R6-03-7: bad b64
  ✅ R6-03-8: byte alter
  ✅ R6-03-9: nonces not consumed after reject
  ✅ R6-03-10a: first fail nonce not consumed
  ✅ R6-03-10b: second success nonce exists
  ✅ R6-03-10c: retry OK

--- R6-05-split-direct ---
[SPLIT SERVER] 127.0.0.1:18803  d_model=32
  ✅ R6-05-1: alien -32003
  ✅ R6-05-2: illegal transition -32003
============================================================
  Resultat: 31/31 PASS, 0 FAIL
  COUNTS: {'protocol': 0, 'security': 2, 'integrity': 12, 'numerical': 0, 'ledger': 8, 'persistence': 0, 'e2e': 9}
============================================================

=== RUN 2 ===
============================================================
  RC5.1-R10 — T-R2 Tests
============================================================

--- T-R2-01 ---
  ✅ T-R2-01: work.request no deadlock
  ✅ T-R2-01: work.request no deadlock
  ✅ T-R2-01: work.request no deadlock
  ✅ T-R2-01: work.request no deadlock
  ✅ T-R2-01: work.request no deadlock

--- T-R2-02 ---
  ✅ T-R2-02: activation no deadlock

--- T-R2-03 ---
  ✅ T-R2-03: unique ACTIVE for same key

--- T-R2-04 ---
  ✅ T-R2-04: unknown worker rejected

--- T-R2-05 ---
  ✅ T-R2-05: wrong token rejected

--- T-R2-06 ---
  ✅ T-R2-06: retired key verifies old receipt

--- T-R2-07 ---
  ✅ T-R2-07: retired key cannot sign (raised)

--- T-R2-08 ---
  ✅ T-R2-08: delta_b64 is valid base64
  ✅ T-R2-08: delta_sha256 is 64 hex

--- T-R2-09 ---
  ✅ T-R2-09: wrong SHA rejected

--- T-R2-10 ---
  ✅ T-R2-10: nonce not consumed on failed upload

--- T-R2-11 ---
  ✅ T-R2-11: missing delta blocks round.close

--- T-R2-12 ---
  ✅ T-R2-12: corrupted delta blocks round.close

--- T-R2-13 ---
  ✅ T-R2-13: FedAvg result
  ✅ T-R2-13: round.close handles empty

--- T-R2-14 ---
  ✅ T-R2-14: base + delta

--- T-R2-15 ---
  ✅ T-R2-15: hashes differ

--- T-R2-16 ---
  ✅ T-R2-16: round.close returns COMPLETED

--- T-R2-17 ---
  ✅ T-R2-17: double close rejected

--- T-R2-18 ---
  ✅ T-R2-18: checkpoint persisted

--- T-R2-19 ---
  ✅ T-R2-19: session restored
  ✅ T-R2-19: nonces restored
  ✅ T-R2-19: contributions restored

--- T-R2-20 ---
  ✅ T-R2-20: round closed
  ✅ T-R2-20: 1 contribution aggregated

--- R4-expired ---
  ✅ R4-expired: status REJECTED
  ✅ R4-expired: reason is 'receipt expired'

--- R4-hash-evidence ---
  DEBUG upload response: {"jsonrpc": "2.0", "result": {"contribution_id": "f5028aa827be1c47", "revision": 1, "status": "RECEIVED"}, "id": "1"}
  ✅ R4-hash-evidence: upload accepted
  ✅ R4-hash-evidence: file SHA matches our_hash

--- R5-08-fedavg ---
  ✅ R5-08: round COMPLETED
  ✅ R5-08: 2 contributions
  ✅ R5-08: ett=40
  ✅ R5-08: global delta file exists
  ✅ R5-08: w = 2.5
  ✅ R5-08: adapter file exists

--- MUT-1-hmac ---
  ✅ MUT-1: HMAC check alive

--- MUT-2-ownership ---
  ✅ MUT-2: ownership check alive

--- MUT-3-nonce ---
  ✅ MUT-3a: first upload RECEIVED
  ✅ MUT-3b: nonce replay REJECTED

--- MUT-4-sha ---
  ✅ MUT-4: delta SHA verification alive

--- MUT-5-rc3 ---
  ✅ MUT-5: RC3 join check alive

============================================================
  Resultat: 45/45 PASS, 0 FAIL
  Timeouts: 0
============================================================
============================================================
  RC5.1-R10 — Tests
============================================================

--- R6-01-e2e ---
[SPLIT SERVER] 127.0.0.1:18802  d_model=32
  ✅ R6-01: step.open
  ✅ R6-01: step.embedding
/root/tmp_r53/ce_B_9Wp1tZ/rc5_split_server.py:230: UserWarning: The given buffer is not writable, and PyTorch does not support non-writable tensors. This means you can write to the underlying (supposedly non-writable) buffer using the tensor. You may want to copy the buffer to protect its data or make it writable before converting it to a tensor. This type of warning will be suppressed for the rest of this program. (Triggered internally at /__w/pytorch/pytorch/torch/csrc/utils/tensor_new.cpp:1556.)
  act = torch.frombuffer(base64.b64decode(act_b64), dtype=torch.float32).reshape(1, -1)
  ✅ R6-01: step.cut_activation
  ✅ R6-01: step.cut_gradient
  ✅ R6-01: loss
  ✅ R6-01: step.commit
  ✅ R6-01: receipt
  ✅ R6-01: delta non-zero (not zero-SHA)
  DEBUG: delta_sha[:16]=8db590f119444001, zero_sha[:16]=ad7facb2586fc6e9, match=False
  ✅ R6-01: delta != zero-tensor SHA

--- R6-02-revisions ---
  ✅ R6-A: v1 ACTIVE
  ✅ R6-A: v2 RECEIVED
  ✅ R6-B: v1 still ACTIVE
  ✅ R6-B: v2 VALIDATED
  ✅ R6-C: v1 SUPERSEDED
  ✅ R6-C: v2 ACTIVE
  ✅ R6-D: v2 still ACTIVE
  ✅ R6-D: 1 aggregated

--- R6-03-negative ---
  ✅ R6-03-1: SHA diff
  ✅ R6-03-2: bytes diff
  ✅ R6-03-3: SHA absent
  ✅ R6-03-4: 63 chars
  ✅ R6-03-5: non-hex
  ✅ R6-03-6: b64 absent
  ✅ R6-03-7: bad b64
  ✅ R6-03-8: byte alter
  ✅ R6-03-9: nonces not consumed after reject
  ✅ R6-03-10a: first fail nonce not consumed
  ✅ R6-03-10b: second success nonce exists
  ✅ R6-03-10c: retry OK

--- R6-05-split-direct ---
[SPLIT SERVER] 127.0.0.1:18803  d_model=32
  ✅ R6-05-1: alien -32003
  ✅ R6-05-2: illegal transition -32003
============================================================
  Resultat: 31/31 PASS, 0 FAIL
  COUNTS: {'protocol': 0, 'security': 2, 'integrity': 12, 'numerical': 0, 'ledger': 8, 'persistence': 0, 'e2e': 9}
============================================================

============================================
  Normal: Run 1=PASS, Run 2=PASS
  R6:     Run 1=PASS, Run 2=PASS
  Timeouts: 0
  Flaky: 0
  Mandatory skips: 0
============================================
  [9/17] RC5.1: PASS (exit 0)
=== [10/18] restart subprocess REAL ===
=== [1/6] execució sense crash (oracle adapter) ===
  no-crash: exit 0
  adapter no-crash: 13cb86871456bbb9...
=== [2/6] FASE A: procés real fins APPLIED (crash) ===
  fase A: exit 0 | pid_A=1586420
=== [3/6] FASE B: procés nou (PID diferent) recupera ===
  fase B: exit 0
=== [4/6] PID A != PID B ===
  PASS (A=1586420 B=1586486)
=== [5/6] delta crash == delta no-crash ===
  delta crash: 2c8a7dcc7334f53b...
  adapter igualat a la fase B (assert intern)
=== [6/6] resum ===
  PID_A=1586420 PID_B=1586486 delta=2c8a7dcc7334f53b adapter=13cb86871456bbb9
RESTART REAL GATE: PASS
  [10/18] restart subprocess REAL: PASS (exit 0)
=== [10b/18] mid-backward real ===
=== [1/3] execució mid-backward real ===
  exit: 0
=== [2/3] resultats ===
{"pid": 1586562, "lease_A_status": "EXPIRED", "a_can_continue": false, "a_could_contribute": false, "a_rejected_http": {"backward": true, "update": true, "commit": true, "upload": true}, "B_acquired": "ACTIVE", "B_delta_sha": "906d6b9939b51028", "no_partial_A_in_journal": true}  PASS lease A EXPIRED
  PASS A no pot continuar
  PASS A no pot aportar cap delta parcial
  PASS B adquireix nova revisió
  PASS B delta registrat
  PASS cap delta parcial d'A al journal
MID-BACKWARD GATE: PASS
  [10b/18] mid-backward real: PASS (exit 0)
=== [11/18] controlled-failure RC5.3 ===
=== CONTROLLED-FAILURE RC5.3 ===
LOG_DIR: /root/tmp_r53/ce_r54r31b
Substitucions aplicades: 1
applied_count: 1 (ha de ser 1)
línies que difereixen: 2 (ha de ser 2)
py_compile exit: 0 (ha de ser 0)
suite exit: 1 (ha de ser no-zero)
FAILs: 1 | W1: 1 | tracebacks: 0 | 104/105 PASS, 1 FAIL
controlled-failure RC5.3: PASS
  assertion detectora: W1
  resultat: 104/105 PASS, 1 FAIL
  [11/18] controlled-failure RC5.3: PASS (exit 0)
=== [12/18] controlled-failure RC5.2 ===
=== CONTROLLED-FAILURE RC5.2 ===
LOG_DIR: /root/tmp_r53/ce_r54r31b
Substitucions aplicades: 1
applied_count: 1 (ha de ser 1)
línies que difereixen: 2 (ha de ser 2)
py_compile exit: 0 (ha de ser 0)
suite exit: 1 (ha de ser no-zero)
FAILs: 1 | J4: 1 | tracebacks: 0 | 48/49 PASS, 1 FAIL
controlled-failure RC5.2: PASS
  assertion detectora: J4
  resultat: 48/49 PASS, 1 FAIL
  [12/18] controlled-failure RC5.2: PASS (exit 0)
=== [13/18] controlled-failure RC5.4 ===
CF-R54: assertion modificada aplicada: 1 (ha de ser 1)
CF-R54: py_compile: PASS
CF-R54: suite exit: 1 | FAILs: 1 | tracebacks: 0
FAIL REC-01 no lease before open 
CF-R54: PASS (una sola prova FAIL, 0 tracebacks, exit no-zero, gate Overall FAIL)
CF-R54: WARNING original rc5_4_tests.py differeix de HEAD (revisar)
  [13/18] controlled-failure RC5.4: PASS (exit 0)
=== [14/18] dependency probe ===
=== DEPENDENCY FAILURE PROBE ===
LOG_DIR: /root/tmp_r53/ce_r54r31b
dependència retirada: rc5_3_multiworker.py
gate exit: 1 (ha de ser no-zero) | dependency FAIL: 1 | resum FAIL: 1
dependency failure probe: PASS
  log: /root/tmp_r53/ce_r54r31b/DEPENDENCY_FAILURE_PROBE.log
  [14/18] dependency probe: PASS (exit 0)
=== [15/18] manifest probe ===
=== MANIFEST FAILURE PROBE ===
LOG_DIR: /root/tmp_r53/ce_r54r31b
fitxer alterat: rc5_3_adversarial_tests.py (hash canviat)
gate exit: 1 (ha de ser no-zero) | manifest FAIL: 1 | resum FAIL: 1
manifest failure probe: PASS
  log: /root/tmp_r53/ce_r54r31b/MANIFEST_FAILURE_PROBE.log
  [15/18] manifest probe: PASS (exit 0)
  [16/18] manifest: PASS (coberts=260 manifest=260 err=0)
  [17/18] clean extraction: SKIPPED (mode delegat)
============================================
  RC5.4 COMBINED GATE — Overall: PASS
============================================
