============================================================
  RC5.2 Phase 2 R11 — ADVERSARIAL GATE
============================================================

--- test_adv01_artifacts_selfverifying ---
/root/meshtrainer/rc5_2_tensor_bundle.py:71: UserWarning: The given buffer is not writable, and PyTorch does not support non-writable tensors. This means you can write to the underlying (supposedly non-writable) buffer using the tensor. You may want to copy the buffer to protect its data or make it writable before converting it to a tensor. This type of warning will be suppressed for the rest of this program. (Triggered internally at /__w/pytorch/pytorch/torch/csrc/utils/tensor_new.cpp:1556.)
  arr = torch.frombuffer(chunk, dtype=torch.float32).reshape(t["shape"]).clone()
  ✅ ADV-01a: artifacts verify
  ✅ ADV-01b: no LoRA in base model
  ✅ ADV-01c: adapter has exactly A/B
  ✅ ADV-01d: zero missing
  ✅ ADV-01e: zero unexpected
  ✅ ADV-01f: forward equivalent

--- test_adv02_fake_worker_model_hash ---
  ✅ ADV-02: fake worker_model_hash rejected

--- test_adv03_fake_base_adapter_hash ---
  ✅ ADV-03: empty base_adapter_hash rejected

--- test_adv04_wrong_schema_version ---
  ✅ ADV-04: wrong schema_version rejected

--- test_adv05_leading_gap ---
  ✅ ADV-05: leading gap rejected

--- test_adv06_missing_unit_upload ---
  ✅ ADV-06: missing unit upload rejected

--- test_adv07_bundle_postpre ---
  ✅ ADV-07a: bundle == post-pre
  ✅ ADV-07b: bundle != absolute post
  ✅ ADV-07c: pre + delta == post

--- test_adv08_prepost_hashes ---
  ✅ ADV-08a: pre hash non-null
  ✅ ADV-08b: pre bytes non-empty

--- test_adv09_restart_restores ---
  ✅ ADV-09a: same bundle after restart
  ✅ ADV-09b: APPLIED recovered

--- test_adv10_retry_no_optimizer ---
  ✅ ADV-10: retry no second optimizer

--- test_adv11_checkpoint_retry_idempotent ---
  ✅ ADV-11a: retry idempotent

--- test_adv12_resigned_tampered_receipt ---
  ✅ ADV-12: tampered receipt rejected

============================================================
  Resultat: 21/21 PASS, 0 FAIL
============================================================
