============================================================
  RC5.2 Phase 2 R9 — Categorized Tests
  Categories: 9
============================================================

--- test_jsonrpc_validation ---
  ✅ J1: wrong jsonrpc version
  ✅ J2: unknown method error
  ✅ J3: missing params rejected
  ✅ J4: open returns state
  ✅ J5: open returns server_activation

--- test_step_open_real ---
  ✅ S1: wrong profile hash rejected
  ✅ S2: missing field rejected
/root/tmp_r53/mf_probe_aFCyzH/rc5_2_tensor_envelope.py:39: UserWarning: The given buffer is not writable, and PyTorch does not support non-writable tensors. This means you can write to the underlying (supposedly non-writable) buffer using the tensor. You may want to copy the buffer to protect its data or make it writable before converting it to a tensor. This type of warning will be suppressed for the rest of this program. (Triggered internally at /__w/pytorch/pytorch/torch/csrc/utils/tensor_new.cpp:1556.)
  arr = torch.frombuffer(raw, dtype=torch.float32).reshape(env["shape"]).clone()
  ✅ S3: activation shape
  ✅ S4: activation finite
  ✅ S5: retry same activation
  ✅ S6: diff payload rejected

--- test_forward_backward_real ---
  ✅ F0: cut activation shape
  ✅ F0b: cut differs from server act
  ✅ F1: state CUT_GRADIENT_READY
  ✅ F2: loss positive finite
  ✅ F3: ETT derived 127
  ✅ F4: backward_id stable format
  ✅ F5: gradient shape
  ✅ F6: gradient finite
  ✅ F7: gradient non-zero
  ✅ F7b: gradient matches oracle
  ✅ F8: retry same gradient bytes
  ✅ F9: alien backward rejected

--- test_update_commit_upload ---
  ✅ U1: DELTA_VERIFIED
  ✅ U2: COMMITTED
  ✅ U3: receipt signed
  ✅ U4: receipt has hashes
  ✅ U5: retry same receipt
  ✅ U6: upload RECEIVED
  ✅ U7: duplicate upload idempotent
  ✅ U8: lifecycle to ACTIVE
  ✅ U9: committed→abort rejected
  ✅ U10: expired receipt rejected
  ✅ U11: nonce reuse rejected
  ✅ U12: SHA mismatch rejected

--- test_bundle_strict ---
  ✅ B1: A roundtrip
  ✅ B2: B roundtrip
  ✅ B3: wrong sha rejected
  ✅ B4: empty rejected

--- test_envelope_strict ---
  ✅ E1: roundtrip
  ✅ E2: wrong role rejected
  ✅ E3: tampered sha rejected
  ✅ E4: NaN rejected

--- test_optimizer_exactly_lora ---
  ✅ O1: optimizer == LoRA only
  ✅ O2: base frozen

--- test_lora_no_activation ---
  ✅ L1: no activation
  ✅ L2: LoRA contributes

--- test_worker_exactly_once ---
  ✅ J1: same bundle on retry
  ✅ J2: weights unchanged on retry

============================================================
  Resultat: 49/49 PASS, 0 FAIL
============================================================
