=== [1/20] dependency check ===
deps: OK
  dep check: PASS
=== [2/20] py_compile ===
  py_compile: PASS
=== [3/20] RC5.3 normal Run 1 ===
============================================
  RC5.3 Stage B R5 — Test Runner
============================================

=== RC5.3 Run 1 ===
Run 1 exit: 0

=== RC5.3 Run 2 ===
Run 2 exit: 0
BOTH RUNS: PASS
  [3/20] RC5.3 normal Run 1: PASS
=== [4/20] RC5.3 normal Run 2 ===
============================================================
  RC5.3 Stage B R5 — REAL Two-Worker Tests (binding API)
============================================================

--- test_server_model_v1_binding ---
/root/meshtrainer/rc5_2_tensor_bundle.py:71: UserWarning: The given buffer is not writable, and PyTorch does not support non-writable tensors. This means you can write to the underlying (supposedly non-writable) buffer using the tensor. You may want to copy the buffer to protect its data or make it writable before converting it to a tensor. This type of warning will be suppressed for the rest of this program. (Triggered internally at /__w/pytorch/pytorch/torch/csrc/utils/tensor_new.cpp:1556.)
  arr = torch.frombuffer(chunk, dtype=torch.float32).reshape(t["shape"]).clone()
  ✅ SM1: real server hash accepted
  ✅ SM2: zero missing/unexpected (validation passes)
  ✅ SM3: reconstruction deterministic
  ✅ SM4: fake server hash rejected
  ✅ SM5: altered server bytes rejected
  ✅ SM6: different seed -> different artifact
  ✅ SM7: different server models -> different activations
  ✅ SM8: same bytes -> identical activations
  ✅ SM9: step.open fake server_model_hash rejected
  ✅ SM10: step.open real server_model_hash accepted

--- test_atomic_registration ---
  ✅ AT1: valid model registered
  ✅ AT2: inconsistent adapter REJECTED
  ✅ AT3: original server_model_hash intact
  ✅ AT4: original adapter_0_hash intact
  ✅ AT5: original worker_model_hash intact
  ✅ AT6: no partial round_adapter row

--- test_assignment_idempotency ---
  ✅ AS1: new assignment ACCEPTED
  ✅ AS2: same id + same payload -> same response
  ✅ AS3: changed shard REJECTED
  ✅ AS4: changed ETT REJECTED
  ✅ AS5: changed worker REJECTED
  ✅ AS6: changed hashes REJECTED
  ✅ AS7: request_sha + created_at persisted

--- test_calibration_idempotency ---
  ✅ CA1: calibration accepted
  ✅ CA2: same key + same payload -> same response
  ✅ CA3: same nonce + different payload REJECTED
  ✅ CA4: no nonce / defaults REJECTED
  ✅ CA5: uncalibrated worker rejected

--- test_round_lineage_explicit ---
  ✅ LN1: round 1 index
  ✅ LN4: missing parent rejected
  ✅ LN2: round 2 index
  ✅ LN3: round 10 index (explicit parent)
  ✅ LN5: non-CLOSED parent rejected
  ✅ LN6: parent_round_id persisted
  ✅ LN7: round2 wrong parent adapter REJECTED
  ✅ LN8: parent_adapter_hash == parent global

--- test_secure_contributions ---
  ✅ SC1: fake cid rejected
  ✅ SC2: real contribution accepted
  ✅ SC3: receipt mismatch rejected
  ✅ SC4: source_request_sha persisted
  ✅ SC5: same cid + same source -> same response

--- test_adapter_worker_base_invariants ---
  ✅ IW1: worker A adapter == worker B adapter
  ✅ IW2: worker adapter == round.base_adapter_hash
  ✅ IW3: worker adapter == round.adapter_0_hash
  ✅ IW4: base_adapter_hash == adapter_0_hash
  ✅ IW5: worker A base == worker B base
  ✅ IW6: worker base invariant across rounds
  ✅ IW7: round2 base_adapter == parent global adapter
  ✅ IW8: round2 parent_adapter_hash == adapter_0
  ✅ IW9: worker adapter != adapter_0 rejected
  ✅ IW10: different worker base between rounds rejected
  ✅ IW11: stale parent adapter rejected
  ✅ IW12: server model != registered rejected

--- test_fedavg_oracle_independent ---
  ✅ OR1: exactly 2 ACTIVE contributions
  ✅ OR2: all ETT > 0
  ✅ OR3: oracle adapter_1 == Coordinator adapter_1
  ✅ OR4: oracle order-invariant
  ✅ OR5: weighted != simple average (ETT-dependent)
  ✅ OR8: fedavg excludes SUPERSEDED
  ✅ OR9: oracle adapter_2 == Coordinator adapter_2

--- test_two_real_workers_full_flow ---
  ✅ W1: two workers completed
  ✅ W2: distinct ETT (real shards)
  ✅ W3: distinct receipts
  ✅ W4: distinct backward_ids
  ✅ W5: real delta hashes
  ✅ W6: ETT derived from labels
  ✅ W8: worker A adapter hash == worker B
  ✅ W9: worker adapter == round.base_adapter_hash
  ✅ W10: worker adapter == round.adapter_0_hash
  ✅ W11: round.base_adapter_hash == adapter_0_hash
  ✅ W7: quorum met

--- test_shards_real_data ---
  ✅ S1: token content differs
  ✅ S2: label content differs
  ✅ S3: ETT A
  ✅ S4: ETT B

--- test_fedavg_ett_weighted_real ---
  ✅ F1: FedAvg A == offline oracle
  ✅ F2: deltas are REAL (non-zero)
  ✅ F3: FedAvg order-invariant

--- test_round2_lineage_real ---
  ✅ R1: round1 closed
  ✅ R2: round2 adapter == adapter1 + delta2
  ✅ R4: adapter1 != adapter0 (real training)
  ✅ R7: worker base invariant across rounds
  ✅ R8: different worker base in round 2 rejected
  ✅ R3: stale adapter rejected
  ✅ R5: wrong worker_model_hash rejected
  ✅ R6: duplicate worker assignment rejected

--- test_budget_enforced ---
  ✅ BE1: over-budget assignment rejected
  ✅ BE2: no partial over-budget assignment persisted

--- test_revisions_real ---
  ✅ RV1: rev1 ACTIVE
  ✅ RV2: rev2 ACTIVE after full flow
  ✅ RV4: rev1 SUPERSEDED after rev2 ACTIVE
  ✅ RV5: only rev2 ACTIVE
  ✅ RV6: FedAvg excludes SUPERSEDED

--- test_quorum_exact_set ---
  ✅ Q1: quorum not met with 1/2
  ✅ Q2: close before quorum rejected

--- test_state_machine_real ---
  ✅ ST1: calibration before OPEN rejected
  ✅ ST2: assignment before calibration rejected

--- test_process_restart_real ---
  ✅ P1: worker A process OK (COMMITTED)
  ✅ P2: worker B process OK (after restart)
  ✅ P3: receipt recovered byte-for-byte
  ✅ P4: upload idempotent after restart
  ✅ P5: round closed after restart
  ✅ P6: restart adapter == no-restart adapter

--- test_isolation_real ---
  ✅ I1: alien backward_id rejected
  ✅ I2: alien contribution rejected

============================================================
  Resultat: 105/105 PASS, 0 FAIL
============================================================
  [4/20] RC5.3 normal Run 2: PASS
=== [5/20] RC5.3 adversarial ===
============================================
  RC5.3 Stage B R5 — ADVERSARIAL GATE (28/28)
============================================

=== Adversarial suite ===
Exit: 0
  Resultat: 33/33 PASS, 0 FAIL
============================================================
  [5/20] RC5.3 adversarial: PASS
=== [6/20] RC5.3 mutation ===
============================================
  RC5.3 Stage B R5 — MUTATION GATE (12/12)
============================================

=== BASELINE ===
  py_compile: PASS
  Baseline: PASS
  MUT-R3-01: DETECTED
  MUT-R3-02: DETECTED
  MUT-R3-03: DETECTED
  MUT-R3-04: DETECTED
  MUT-R3-05: DETECTED
  MUT-R3-06: DETECTED
  MUT-R3-07: DETECTED
  MUT-R3-08: DETECTED
  MUT-R3-09: DETECTED
  MUT-R3-10: DETECTED
  MUT-R3-11: DETECTED
  MUT-R3-12: DETECTED

Score: 12/12 Invalid: 0 Runtime: 0 Not_applied: 0 Timeouts: 0
Not detected: 0
  [6/20] RC5.3 mutation: PASS
=== [7/20] RC5.2 normal Run 1 ===
============================================================
  RC5.2 Phase 2 R9 — Categorized Tests
  Categories: 9
============================================================

--- test_jsonrpc_validation ---
  ✅ J1: wrong jsonrpc version
  ✅ J2: unknown method error
  ✅ J3: missing params rejected
  ✅ J4: open returns state
  ✅ J5: open returns server_activation

--- test_step_open_real ---
  ✅ S1: wrong profile hash rejected
  ✅ S2: missing field rejected
/root/meshtrainer/rc5_2_tensor_envelope.py:39: UserWarning: The given buffer is not writable, and PyTorch does not support non-writable tensors. This means you can write to the underlying (supposedly non-writable) buffer using the tensor. You may want to copy the buffer to protect its data or make it writable before converting it to a tensor. This type of warning will be suppressed for the rest of this program. (Triggered internally at /__w/pytorch/pytorch/torch/csrc/utils/tensor_new.cpp:1556.)
  arr = torch.frombuffer(raw, dtype=torch.float32).reshape(env["shape"]).clone()
  ✅ S3: activation shape
  ✅ S4: activation finite
  ✅ S5: retry same activation
  ✅ S6: diff payload rejected

--- test_forward_backward_real ---
  ✅ F0: cut activation shape
  ✅ F0b: cut differs from server act
  ✅ F1: state CUT_GRADIENT_READY
  ✅ F2: loss positive finite
  ✅ F3: ETT derived 127
  ✅ F4: backward_id stable format
  ✅ F5: gradient shape
  ✅ F6: gradient finite
  ✅ F7: gradient non-zero
  ✅ F7b: gradient matches oracle
  ✅ F8: retry same gradient bytes
  ✅ F9: alien backward rejected

--- test_update_commit_upload ---
  ✅ U1: DELTA_VERIFIED
  ✅ U2: COMMITTED
  ✅ U3: receipt signed
  ✅ U4: receipt has hashes
  ✅ U5: retry same receipt
  ✅ U6: upload RECEIVED
  ✅ U7: duplicate upload idempotent
  ✅ U8: lifecycle to ACTIVE
  ✅ U9: committed→abort rejected
  ✅ U10: expired receipt rejected
  ✅ U11: nonce reuse rejected
  ✅ U12: SHA mismatch rejected

--- test_bundle_strict ---
  ✅ B1: A roundtrip
  ✅ B2: B roundtrip
  ✅ B3: wrong sha rejected
  ✅ B4: empty rejected

--- test_envelope_strict ---
  ✅ E1: roundtrip
  ✅ E2: wrong role rejected
  ✅ E3: tampered sha rejected
  ✅ E4: NaN rejected

--- test_optimizer_exactly_lora ---
  ✅ O1: optimizer == LoRA only
  ✅ O2: base frozen

--- test_lora_no_activation ---
  ✅ L1: no activation
  ✅ L2: LoRA contributes

--- test_worker_exactly_once ---
  ✅ J1: same bundle on retry
  ✅ J2: weights unchanged on retry

============================================================
  Resultat: 49/49 PASS, 0 FAIL
============================================================
  [7/20] RC5.2 normal Run 1: PASS
=== [8/20] RC5.2 normal Run 2 ===
============================================================
  RC5.2 Phase 2 R9 — Categorized Tests
  Categories: 9
============================================================

--- test_jsonrpc_validation ---
  ✅ J1: wrong jsonrpc version
  ✅ J2: unknown method error
  ✅ J3: missing params rejected
  ✅ J4: open returns state
  ✅ J5: open returns server_activation

--- test_step_open_real ---
  ✅ S1: wrong profile hash rejected
  ✅ S2: missing field rejected
/root/meshtrainer/rc5_2_tensor_envelope.py:39: UserWarning: The given buffer is not writable, and PyTorch does not support non-writable tensors. This means you can write to the underlying (supposedly non-writable) buffer using the tensor. You may want to copy the buffer to protect its data or make it writable before converting it to a tensor. This type of warning will be suppressed for the rest of this program. (Triggered internally at /__w/pytorch/pytorch/torch/csrc/utils/tensor_new.cpp:1556.)
  arr = torch.frombuffer(raw, dtype=torch.float32).reshape(env["shape"]).clone()
  ✅ S3: activation shape
  ✅ S4: activation finite
  ✅ S5: retry same activation
  ✅ S6: diff payload rejected

--- test_forward_backward_real ---
  ✅ F0: cut activation shape
  ✅ F0b: cut differs from server act
  ✅ F1: state CUT_GRADIENT_READY
  ✅ F2: loss positive finite
  ✅ F3: ETT derived 127
  ✅ F4: backward_id stable format
  ✅ F5: gradient shape
  ✅ F6: gradient finite
  ✅ F7: gradient non-zero
  ✅ F7b: gradient matches oracle
  ✅ F8: retry same gradient bytes
  ✅ F9: alien backward rejected

--- test_update_commit_upload ---
  ✅ U1: DELTA_VERIFIED
  ✅ U2: COMMITTED
  ✅ U3: receipt signed
  ✅ U4: receipt has hashes
  ✅ U5: retry same receipt
  ✅ U6: upload RECEIVED
  ✅ U7: duplicate upload idempotent
  ✅ U8: lifecycle to ACTIVE
  ✅ U9: committed→abort rejected
  ✅ U10: expired receipt rejected
  ✅ U11: nonce reuse rejected
  ✅ U12: SHA mismatch rejected

--- test_bundle_strict ---
  ✅ B1: A roundtrip
  ✅ B2: B roundtrip
  ✅ B3: wrong sha rejected
  ✅ B4: empty rejected

--- test_envelope_strict ---
  ✅ E1: roundtrip
  ✅ E2: wrong role rejected
  ✅ E3: tampered sha rejected
  ✅ E4: NaN rejected

--- test_optimizer_exactly_lora ---
  ✅ O1: optimizer == LoRA only
  ✅ O2: base frozen

--- test_lora_no_activation ---
  ✅ L1: no activation
  ✅ L2: LoRA contributes

--- test_worker_exactly_once ---
  ✅ J1: same bundle on retry
  ✅ J2: weights unchanged on retry

============================================================
  Resultat: 49/49 PASS, 0 FAIL
============================================================
  [8/20] RC5.2 normal Run 2: PASS
=== [9/20] RC5.2 adversarial ===
============================================
  RC5.2 Phase 2 R11 — ADVERSARIAL GATE
============================================

=== Adversarial suite ===
Exit: 0
============================================================
  Resultat: 21/21 PASS, 0 FAIL
============================================================
  [9/20] RC5.2 adversarial: PASS
=== [10/20] RC5.2 mutation ===
============================================
  RC5.2 Phase 2 R12 — MUTATION GATE (12/12)
============================================

=== BASELINE ===
  py_compile: PASS
  Baseline: PASS
  MUT-P2-01: DETECTED
  MUT-P2-02: DETECTED
  MUT-P2-03: DETECTED
  MUT-P2-04: DETECTED
  MUT-P2-05: DETECTED
  MUT-P2-06: DETECTED
  MUT-P2-07: DETECTED
  MUT-P2-08: DETECTED
  MUT-P2-09: DETECTED
  MUT-P2-10: DETECTED
  MUT-P2-11: DETECTED
  MUT-P2-12: DETECTED

Score: 12/12 Invalid: 0 Runtime: 0 Not_applied: 0 Timeouts: 0
  [10/20] RC5.2 mutation: PASS
=== [11/20] Phase 1 Run 1 ===
============================================================
  RC5.2 Phase 1 R5 — Numerical Tests
============================================================

--- P1-N01 ---
  ✅ P1-N01: hash stable

--- P1-N02 ---
  ✅ P1-N02: all state identical, 0 missing, 0 unexpected

--- P1-N03 ---
  ✅ P1-N03: server activation

--- P1-N04 ---
  ✅ P1-N04: cut activation

--- P1-N05 ---
  ✅ P1-N05: logits

--- P1-N06 ---
  ✅ P1-N06: loss

--- P1-N07 ---
  ✅ P1-N07: cut gradient

--- P1-N08 ---
  ✅ P1-N08: LoRA-A gradient

--- P1-N09 ---
  ✅ P1-N09: LoRA-B gradient

--- P1-N10 ---
  ✅ P1-N10: optimizer == LoRA

--- P1-N11 ---
  ✅ P1-N11: base requires_grad False

--- P1-N12 ---
  ✅ P1-N12: base grad None after backward

--- P1-N13 ---
  ✅ P1-N13: base weights unchanged

--- P1-N14 ---
  ✅ P1-N14: LoRA-A post-step

--- P1-N15 ---
  ✅ P1-N15: LoRA-B post-step

--- P1-N16 ---
  ✅ P1-N16: delta-A

--- P1-N17 ---
  ✅ P1-N17: delta-B

--- P1-N18 ---
  ✅ P1-N18: delta non-zero

--- P1-N19 ---
  ✅ P1-N19: deterministic

--- P1-N20 ---
  ✅ P1-N20: step2 loss
  ✅ P1-N20: grad A
  ✅ P1-N20: grad B
  ✅ P1-N20: LoRA-A
  ✅ P1-N20: LoRA-B
  ✅ P1-N20: delta-A
  ✅ P1-N20: delta-B

--- P1-N21 ---
  ✅ P1-N21: loss matches oracle
  ✅ P1-N21: label change alters loss

--- P1-N22 ---
  ✅ P1-N22: ETT=127

--- P1-N23 ---
  ✅ P1-N23: early positions unaffected by future
  ✅ P1-N23: late positions differ (non-trivial)
  ✅ P1-N23: causal_mask[0,1]==-inf

--- P1-N24 ---
  ✅ P1-N24: monolithic base frozen

--- P1-N25 ---
  ✅ P1-N25: monolithic base grad None

--- P1-N26 ---
  ✅ P1-N26: monolithic base unchanged

============================================================
  Resultat: 35/35 PASS, 0 FAIL
============================================================
  [11/20] Phase 1 Run 1: PASS
=== [12/20] Phase 1 Run 2 ===
============================================================
  RC5.2 Phase 1 R5 — Numerical Tests
============================================================

--- P1-N01 ---
  ✅ P1-N01: hash stable

--- P1-N02 ---
  ✅ P1-N02: all state identical, 0 missing, 0 unexpected

--- P1-N03 ---
  ✅ P1-N03: server activation

--- P1-N04 ---
  ✅ P1-N04: cut activation

--- P1-N05 ---
  ✅ P1-N05: logits

--- P1-N06 ---
  ✅ P1-N06: loss

--- P1-N07 ---
  ✅ P1-N07: cut gradient

--- P1-N08 ---
  ✅ P1-N08: LoRA-A gradient

--- P1-N09 ---
  ✅ P1-N09: LoRA-B gradient

--- P1-N10 ---
  ✅ P1-N10: optimizer == LoRA

--- P1-N11 ---
  ✅ P1-N11: base requires_grad False

--- P1-N12 ---
  ✅ P1-N12: base grad None after backward

--- P1-N13 ---
  ✅ P1-N13: base weights unchanged

--- P1-N14 ---
  ✅ P1-N14: LoRA-A post-step

--- P1-N15 ---
  ✅ P1-N15: LoRA-B post-step

--- P1-N16 ---
  ✅ P1-N16: delta-A

--- P1-N17 ---
  ✅ P1-N17: delta-B

--- P1-N18 ---
  ✅ P1-N18: delta non-zero

--- P1-N19 ---
  ✅ P1-N19: deterministic

--- P1-N20 ---
  ✅ P1-N20: step2 loss
  ✅ P1-N20: grad A
  ✅ P1-N20: grad B
  ✅ P1-N20: LoRA-A
  ✅ P1-N20: LoRA-B
  ✅ P1-N20: delta-A
  ✅ P1-N20: delta-B

--- P1-N21 ---
  ✅ P1-N21: loss matches oracle
  ✅ P1-N21: label change alters loss

--- P1-N22 ---
  ✅ P1-N22: ETT=127

--- P1-N23 ---
  ✅ P1-N23: early positions unaffected by future
  ✅ P1-N23: late positions differ (non-trivial)
  ✅ P1-N23: causal_mask[0,1]==-inf

--- P1-N24 ---
  ✅ P1-N24: monolithic base frozen

--- P1-N25 ---
  ✅ P1-N25: monolithic base grad None

--- P1-N26 ---
  ✅ P1-N26: monolithic base unchanged

============================================================
  Resultat: 35/35 PASS, 0 FAIL
============================================================
  [12/20] Phase 1 Run 2: PASS
=== [13/20] Phase 1 mutation ===
============================================
  RC5.2 Phase 1 R5 — FINAL MUTATION GATE
============================================

=== BASELINE ===
  py_compile: PASS
  Baseline: PASS
  MUT-P1-01-randn-grad: DETECTED
  MUT-P1-02-server-ignore-labels: DETECTED
  MUT-P1-03-bypass-worker-diff: DETECTED
  MUT-P1-04-extra-param: DETECTED
  MUT-P1-05-alter-gradient: DETECTED
MUT-06 applied: ReLU in WorkerNumericalModel only
  MUT-P1-06-relu-worker-lora: DETECTED

Score: 6/6 Invalid: 0 Runtime: 0 Not_applied: 0 Timeouts: 0
  [13/20] Phase 1 mutation: PASS
=== [14/20] RC5.1 Run 1 ===
============================================
  RC5.1-R10 — Test Runner
============================================
Python: Python 3.13.5
Dir:    /root/meshtrainer

All deps present.

=== RUN 1 ===
============================================================
  RC5.1-R10 — T-R2 Tests
============================================================

--- T-R2-01 ---
  ✅ T-R2-01: work.request no deadlock
  ✅ T-R2-01: work.request no deadlock
  ✅ T-R2-01: work.request no deadlock
  ✅ T-R2-01: work.request no deadlock
  ✅ T-R2-01: work.request no deadlock

--- T-R2-02 ---
  ✅ T-R2-02: activation no deadlock

--- T-R2-03 ---
  ✅ T-R2-03: unique ACTIVE for same key

--- T-R2-04 ---
  ✅ T-R2-04: unknown worker rejected

--- T-R2-05 ---
  ✅ T-R2-05: wrong token rejected

--- T-R2-06 ---
  ✅ T-R2-06: retired key verifies old receipt

--- T-R2-07 ---
  ✅ T-R2-07: retired key cannot sign (raised)

--- T-R2-08 ---
  ✅ T-R2-08: delta_b64 is valid base64
  ✅ T-R2-08: delta_sha256 is 64 hex

--- T-R2-09 ---
  ✅ T-R2-09: wrong SHA rejected

--- T-R2-10 ---
  ✅ T-R2-10: nonce not consumed on failed upload

--- T-R2-11 ---
  ✅ T-R2-11: missing delta blocks round.close

--- T-R2-12 ---
  ✅ T-R2-12: corrupted delta blocks round.close

--- T-R2-13 ---
  ✅ T-R2-13: FedAvg result
  ✅ T-R2-13: round.close handles empty

--- T-R2-14 ---
  ✅ T-R2-14: base + delta

--- T-R2-15 ---
  ✅ T-R2-15: hashes differ

--- T-R2-16 ---
  ✅ T-R2-16: round.close returns COMPLETED

--- T-R2-17 ---
  ✅ T-R2-17: double close rejected

--- T-R2-18 ---
  ✅ T-R2-18: checkpoint persisted

--- T-R2-19 ---
  ✅ T-R2-19: session restored
  ✅ T-R2-19: nonces restored
  ✅ T-R2-19: contributions restored

--- T-R2-20 ---
  ✅ T-R2-20: round closed
  ✅ T-R2-20: 1 contribution aggregated

--- R4-expired ---
  ✅ R4-expired: status REJECTED
  ✅ R4-expired: reason is 'receipt expired'

--- R4-hash-evidence ---
  DEBUG upload response: {"jsonrpc": "2.0", "result": {"contribution_id": "94267f09eff958a6", "revision": 1, "status": "RECEIVED"}, "id": "1"}
  ✅ R4-hash-evidence: upload accepted
  ✅ R4-hash-evidence: file SHA matches our_hash

--- R5-08-fedavg ---
  ✅ R5-08: round COMPLETED
  ✅ R5-08: 2 contributions
  ✅ R5-08: ett=40
  ✅ R5-08: global delta file exists
  ✅ R5-08: w = 2.5
  ✅ R5-08: adapter file exists

--- MUT-1-hmac ---
  ✅ MUT-1: HMAC check alive

--- MUT-2-ownership ---
  ✅ MUT-2: ownership check alive

--- MUT-3-nonce ---
  ✅ MUT-3a: first upload RECEIVED
  ✅ MUT-3b: nonce replay REJECTED

--- MUT-4-sha ---
  ✅ MUT-4: delta SHA verification alive

--- MUT-5-rc3 ---
  ✅ MUT-5: RC3 join check alive

============================================================
  Resultat: 45/45 PASS, 0 FAIL
  Timeouts: 0
============================================================
============================================================
  RC5.1-R10 — Tests
============================================================

--- R6-01-e2e ---
[SPLIT SERVER] 127.0.0.1:18802  d_model=32
  ✅ R6-01: step.open
  ✅ R6-01: step.embedding
/root/meshtrainer/rc5_split_server.py:230: UserWarning: The given buffer is not writable, and PyTorch does not support non-writable tensors. This means you can write to the underlying (supposedly non-writable) buffer using the tensor. You may want to copy the buffer to protect its data or make it writable before converting it to a tensor. This type of warning will be suppressed for the rest of this program. (Triggered internally at /__w/pytorch/pytorch/torch/csrc/utils/tensor_new.cpp:1556.)
  act = torch.frombuffer(base64.b64decode(act_b64), dtype=torch.float32).reshape(1, -1)
  ✅ R6-01: step.cut_activation
  ✅ R6-01: step.cut_gradient
  ✅ R6-01: loss
  ✅ R6-01: step.commit
  ✅ R6-01: receipt
  ✅ R6-01: delta non-zero (not zero-SHA)
  DEBUG: delta_sha[:16]=8db590f119444001, zero_sha[:16]=ad7facb2586fc6e9, match=False
  ✅ R6-01: delta != zero-tensor SHA

--- R6-02-revisions ---
  ✅ R6-A: v1 ACTIVE
  ✅ R6-A: v2 RECEIVED
  ✅ R6-B: v1 still ACTIVE
  ✅ R6-B: v2 VALIDATED
  ✅ R6-C: v1 SUPERSEDED
  ✅ R6-C: v2 ACTIVE
  ✅ R6-D: v2 still ACTIVE
  ✅ R6-D: 1 aggregated

--- R6-03-negative ---
  ✅ R6-03-1: SHA diff
  ✅ R6-03-2: bytes diff
  ✅ R6-03-3: SHA absent
  ✅ R6-03-4: 63 chars
  ✅ R6-03-5: non-hex
  ✅ R6-03-6: b64 absent
  ✅ R6-03-7: bad b64
  ✅ R6-03-8: byte alter
  ✅ R6-03-9: nonces not consumed after reject
  ✅ R6-03-10a: first fail nonce not consumed
  ✅ R6-03-10b: second success nonce exists
  ✅ R6-03-10c: retry OK

--- R6-05-split-direct ---
[SPLIT SERVER] 127.0.0.1:18803  d_model=32
  ✅ R6-05-1: alien -32003
  ✅ R6-05-2: illegal transition -32003
============================================================
  Resultat: 31/31 PASS, 0 FAIL
  COUNTS: {'protocol': 0, 'security': 2, 'integrity': 12, 'numerical': 0, 'ledger': 8, 'persistence': 0, 'e2e': 9}
============================================================

=== RUN 2 ===
============================================================
  RC5.1-R10 — T-R2 Tests
============================================================

--- T-R2-01 ---
  ✅ T-R2-01: work.request no deadlock
  ✅ T-R2-01: work.request no deadlock
  ✅ T-R2-01: work.request no deadlock
  ✅ T-R2-01: work.request no deadlock
  ✅ T-R2-01: work.request no deadlock

--- T-R2-02 ---
  ✅ T-R2-02: activation no deadlock

--- T-R2-03 ---
  ✅ T-R2-03: unique ACTIVE for same key

--- T-R2-04 ---
  ✅ T-R2-04: unknown worker rejected

--- T-R2-05 ---
  ✅ T-R2-05: wrong token rejected

--- T-R2-06 ---
  ✅ T-R2-06: retired key verifies old receipt

--- T-R2-07 ---
  ✅ T-R2-07: retired key cannot sign (raised)

--- T-R2-08 ---
  ✅ T-R2-08: delta_b64 is valid base64
  ✅ T-R2-08: delta_sha256 is 64 hex

--- T-R2-09 ---
  ✅ T-R2-09: wrong SHA rejected

--- T-R2-10 ---
  ✅ T-R2-10: nonce not consumed on failed upload

--- T-R2-11 ---
  ✅ T-R2-11: missing delta blocks round.close

--- T-R2-12 ---
  ✅ T-R2-12: corrupted delta blocks round.close

--- T-R2-13 ---
  ✅ T-R2-13: FedAvg result
  ✅ T-R2-13: round.close handles empty

--- T-R2-14 ---
  ✅ T-R2-14: base + delta

--- T-R2-15 ---
  ✅ T-R2-15: hashes differ

--- T-R2-16 ---
  ✅ T-R2-16: round.close returns COMPLETED

--- T-R2-17 ---
  ✅ T-R2-17: double close rejected

--- T-R2-18 ---
  ✅ T-R2-18: checkpoint persisted

--- T-R2-19 ---
  ✅ T-R2-19: session restored
  ✅ T-R2-19: nonces restored
  ✅ T-R2-19: contributions restored

--- T-R2-20 ---
  ✅ T-R2-20: round closed
  ✅ T-R2-20: 1 contribution aggregated

--- R4-expired ---
  ✅ R4-expired: status REJECTED
  ✅ R4-expired: reason is 'receipt expired'

--- R4-hash-evidence ---
  DEBUG upload response: {"jsonrpc": "2.0", "result": {"contribution_id": "45c69f2efdebd40c", "revision": 1, "status": "RECEIVED"}, "id": "1"}
  ✅ R4-hash-evidence: upload accepted
  ✅ R4-hash-evidence: file SHA matches our_hash

--- R5-08-fedavg ---
  ✅ R5-08: round COMPLETED
  ✅ R5-08: 2 contributions
  ✅ R5-08: ett=40
  ✅ R5-08: global delta file exists
  ✅ R5-08: w = 2.5
  ✅ R5-08: adapter file exists

--- MUT-1-hmac ---
  ✅ MUT-1: HMAC check alive

--- MUT-2-ownership ---
  ✅ MUT-2: ownership check alive

--- MUT-3-nonce ---
  ✅ MUT-3a: first upload RECEIVED
  ✅ MUT-3b: nonce replay REJECTED

--- MUT-4-sha ---
  ✅ MUT-4: delta SHA verification alive

--- MUT-5-rc3 ---
  ✅ MUT-5: RC3 join check alive

============================================================
  Resultat: 45/45 PASS, 0 FAIL
  Timeouts: 0
============================================================
============================================================
  RC5.1-R10 — Tests
============================================================

--- R6-01-e2e ---
[SPLIT SERVER] 127.0.0.1:18802  d_model=32
  ✅ R6-01: step.open
  ✅ R6-01: step.embedding
/root/meshtrainer/rc5_split_server.py:230: UserWarning: The given buffer is not writable, and PyTorch does not support non-writable tensors. This means you can write to the underlying (supposedly non-writable) buffer using the tensor. You may want to copy the buffer to protect its data or make it writable before converting it to a tensor. This type of warning will be suppressed for the rest of this program. (Triggered internally at /__w/pytorch/pytorch/torch/csrc/utils/tensor_new.cpp:1556.)
  act = torch.frombuffer(base64.b64decode(act_b64), dtype=torch.float32).reshape(1, -1)
  ✅ R6-01: step.cut_activation
  ✅ R6-01: step.cut_gradient
  ✅ R6-01: loss
  ✅ R6-01: step.commit
  ✅ R6-01: receipt
  ✅ R6-01: delta non-zero (not zero-SHA)
  DEBUG: delta_sha[:16]=8db590f119444001, zero_sha[:16]=ad7facb2586fc6e9, match=False
  ✅ R6-01: delta != zero-tensor SHA

--- R6-02-revisions ---
  ✅ R6-A: v1 ACTIVE
  ✅ R6-A: v2 RECEIVED
  ✅ R6-B: v1 still ACTIVE
  ✅ R6-B: v2 VALIDATED
  ✅ R6-C: v1 SUPERSEDED
  ✅ R6-C: v2 ACTIVE
  ✅ R6-D: v2 still ACTIVE
  ✅ R6-D: 1 aggregated

--- R6-03-negative ---
  ✅ R6-03-1: SHA diff
  ✅ R6-03-2: bytes diff
  ✅ R6-03-3: SHA absent
  ✅ R6-03-4: 63 chars
  ✅ R6-03-5: non-hex
  ✅ R6-03-6: b64 absent
  ✅ R6-03-7: bad b64
  ✅ R6-03-8: byte alter
  ✅ R6-03-9: nonces not consumed after reject
  ✅ R6-03-10a: first fail nonce not consumed
  ✅ R6-03-10b: second success nonce exists
  ✅ R6-03-10c: retry OK

--- R6-05-split-direct ---
[SPLIT SERVER] 127.0.0.1:18803  d_model=32
  ✅ R6-05-1: alien -32003
  ✅ R6-05-2: illegal transition -32003
============================================================
  Resultat: 31/31 PASS, 0 FAIL
  COUNTS: {'protocol': 0, 'security': 2, 'integrity': 12, 'numerical': 0, 'ledger': 8, 'persistence': 0, 'e2e': 9}
============================================================

============================================
  Normal: Run 1=PASS, Run 2=PASS
  R6:     Run 1=PASS, Run 2=PASS
  Timeouts: 0
  Flaky: 0
  Mandatory skips: 0
============================================
  [14/20] RC5.1 Run 1: PASS
=== [15/20] RC5.1 Run 2 ===
============================================
  RC5.1-R10 — Test Runner
============================================
Python: Python 3.13.5
Dir:    /root/meshtrainer

All deps present.

=== RUN 1 ===
============================================================
  RC5.1-R10 — T-R2 Tests
============================================================

--- T-R2-01 ---
  ✅ T-R2-01: work.request no deadlock
  ✅ T-R2-01: work.request no deadlock
  ✅ T-R2-01: work.request no deadlock
  ✅ T-R2-01: work.request no deadlock
  ✅ T-R2-01: work.request no deadlock

--- T-R2-02 ---
  ✅ T-R2-02: activation no deadlock

--- T-R2-03 ---
  ✅ T-R2-03: unique ACTIVE for same key

--- T-R2-04 ---
  ✅ T-R2-04: unknown worker rejected

--- T-R2-05 ---
  ✅ T-R2-05: wrong token rejected

--- T-R2-06 ---
  ✅ T-R2-06: retired key verifies old receipt

--- T-R2-07 ---
  ✅ T-R2-07: retired key cannot sign (raised)

--- T-R2-08 ---
  ✅ T-R2-08: delta_b64 is valid base64
  ✅ T-R2-08: delta_sha256 is 64 hex

--- T-R2-09 ---
  ✅ T-R2-09: wrong SHA rejected

--- T-R2-10 ---
  ✅ T-R2-10: nonce not consumed on failed upload

--- T-R2-11 ---
  ✅ T-R2-11: missing delta blocks round.close

--- T-R2-12 ---
  ✅ T-R2-12: corrupted delta blocks round.close

--- T-R2-13 ---
  ✅ T-R2-13: FedAvg result
  ✅ T-R2-13: round.close handles empty

--- T-R2-14 ---
  ✅ T-R2-14: base + delta

--- T-R2-15 ---
  ✅ T-R2-15: hashes differ

--- T-R2-16 ---
  ✅ T-R2-16: round.close returns COMPLETED

--- T-R2-17 ---
  ✅ T-R2-17: double close rejected

--- T-R2-18 ---
  ✅ T-R2-18: checkpoint persisted

--- T-R2-19 ---
  ✅ T-R2-19: session restored
  ✅ T-R2-19: nonces restored
  ✅ T-R2-19: contributions restored

--- T-R2-20 ---
  ✅ T-R2-20: round closed
  ✅ T-R2-20: 1 contribution aggregated

--- R4-expired ---
  ✅ R4-expired: status REJECTED
  ✅ R4-expired: reason is 'receipt expired'

--- R4-hash-evidence ---
  DEBUG upload response: {"jsonrpc": "2.0", "result": {"contribution_id": "cfb629733be0ddd9", "revision": 1, "status": "RECEIVED"}, "id": "1"}
  ✅ R4-hash-evidence: upload accepted
  ✅ R4-hash-evidence: file SHA matches our_hash

--- R5-08-fedavg ---
  ✅ R5-08: round COMPLETED
  ✅ R5-08: 2 contributions
  ✅ R5-08: ett=40
  ✅ R5-08: global delta file exists
  ✅ R5-08: w = 2.5
  ✅ R5-08: adapter file exists

--- MUT-1-hmac ---
  ✅ MUT-1: HMAC check alive

--- MUT-2-ownership ---
  ✅ MUT-2: ownership check alive

--- MUT-3-nonce ---
  ✅ MUT-3a: first upload RECEIVED
  ✅ MUT-3b: nonce replay REJECTED

--- MUT-4-sha ---
  ✅ MUT-4: delta SHA verification alive

--- MUT-5-rc3 ---
  ✅ MUT-5: RC3 join check alive

============================================================
  Resultat: 45/45 PASS, 0 FAIL
  Timeouts: 0
============================================================
============================================================
  RC5.1-R10 — Tests
============================================================

--- R6-01-e2e ---
[SPLIT SERVER] 127.0.0.1:18802  d_model=32
  ✅ R6-01: step.open
  ✅ R6-01: step.embedding
/root/meshtrainer/rc5_split_server.py:230: UserWarning: The given buffer is not writable, and PyTorch does not support non-writable tensors. This means you can write to the underlying (supposedly non-writable) buffer using the tensor. You may want to copy the buffer to protect its data or make it writable before converting it to a tensor. This type of warning will be suppressed for the rest of this program. (Triggered internally at /__w/pytorch/pytorch/torch/csrc/utils/tensor_new.cpp:1556.)
  act = torch.frombuffer(base64.b64decode(act_b64), dtype=torch.float32).reshape(1, -1)
  ✅ R6-01: step.cut_activation
  ✅ R6-01: step.cut_gradient
  ✅ R6-01: loss
  ✅ R6-01: step.commit
  ✅ R6-01: receipt
  ✅ R6-01: delta non-zero (not zero-SHA)
  DEBUG: delta_sha[:16]=8db590f119444001, zero_sha[:16]=ad7facb2586fc6e9, match=False
  ✅ R6-01: delta != zero-tensor SHA

--- R6-02-revisions ---
  ✅ R6-A: v1 ACTIVE
  ✅ R6-A: v2 RECEIVED
  ✅ R6-B: v1 still ACTIVE
  ✅ R6-B: v2 VALIDATED
  ✅ R6-C: v1 SUPERSEDED
  ✅ R6-C: v2 ACTIVE
  ✅ R6-D: v2 still ACTIVE
  ✅ R6-D: 1 aggregated

--- R6-03-negative ---
  ✅ R6-03-1: SHA diff
  ✅ R6-03-2: bytes diff
  ✅ R6-03-3: SHA absent
  ✅ R6-03-4: 63 chars
  ✅ R6-03-5: non-hex
  ✅ R6-03-6: b64 absent
  ✅ R6-03-7: bad b64
  ✅ R6-03-8: byte alter
  ✅ R6-03-9: nonces not consumed after reject
  ✅ R6-03-10a: first fail nonce not consumed
  ✅ R6-03-10b: second success nonce exists
  ✅ R6-03-10c: retry OK

--- R6-05-split-direct ---
[SPLIT SERVER] 127.0.0.1:18803  d_model=32
  ✅ R6-05-1: alien -32003
  ✅ R6-05-2: illegal transition -32003
============================================================
  Resultat: 31/31 PASS, 0 FAIL
  COUNTS: {'protocol': 0, 'security': 2, 'integrity': 12, 'numerical': 0, 'ledger': 8, 'persistence': 0, 'e2e': 9}
============================================================

=== RUN 2 ===
============================================================
  RC5.1-R10 — T-R2 Tests
============================================================

--- T-R2-01 ---
  ✅ T-R2-01: work.request no deadlock
  ✅ T-R2-01: work.request no deadlock
  ✅ T-R2-01: work.request no deadlock
  ✅ T-R2-01: work.request no deadlock
  ✅ T-R2-01: work.request no deadlock

--- T-R2-02 ---
  ✅ T-R2-02: activation no deadlock

--- T-R2-03 ---
  ✅ T-R2-03: unique ACTIVE for same key

--- T-R2-04 ---
  ✅ T-R2-04: unknown worker rejected

--- T-R2-05 ---
  ✅ T-R2-05: wrong token rejected

--- T-R2-06 ---
  ✅ T-R2-06: retired key verifies old receipt

--- T-R2-07 ---
  ✅ T-R2-07: retired key cannot sign (raised)

--- T-R2-08 ---
  ✅ T-R2-08: delta_b64 is valid base64
  ✅ T-R2-08: delta_sha256 is 64 hex

--- T-R2-09 ---
  ✅ T-R2-09: wrong SHA rejected

--- T-R2-10 ---
  ✅ T-R2-10: nonce not consumed on failed upload

--- T-R2-11 ---
  ✅ T-R2-11: missing delta blocks round.close

--- T-R2-12 ---
  ✅ T-R2-12: corrupted delta blocks round.close

--- T-R2-13 ---
  ✅ T-R2-13: FedAvg result
  ✅ T-R2-13: round.close handles empty

--- T-R2-14 ---
  ✅ T-R2-14: base + delta

--- T-R2-15 ---
  ✅ T-R2-15: hashes differ

--- T-R2-16 ---
  ✅ T-R2-16: round.close returns COMPLETED

--- T-R2-17 ---
  ✅ T-R2-17: double close rejected

--- T-R2-18 ---
  ✅ T-R2-18: checkpoint persisted

--- T-R2-19 ---
  ✅ T-R2-19: session restored
  ✅ T-R2-19: nonces restored
  ✅ T-R2-19: contributions restored

--- T-R2-20 ---
  ✅ T-R2-20: round closed
  ✅ T-R2-20: 1 contribution aggregated

--- R4-expired ---
  ✅ R4-expired: status REJECTED
  ✅ R4-expired: reason is 'receipt expired'

--- R4-hash-evidence ---
  DEBUG upload response: {"jsonrpc": "2.0", "result": {"contribution_id": "7b8f12b2dcbb758c", "revision": 1, "status": "RECEIVED"}, "id": "1"}
  ✅ R4-hash-evidence: upload accepted
  ✅ R4-hash-evidence: file SHA matches our_hash

--- R5-08-fedavg ---
  ✅ R5-08: round COMPLETED
  ✅ R5-08: 2 contributions
  ✅ R5-08: ett=40
  ✅ R5-08: global delta file exists
  ✅ R5-08: w = 2.5
  ✅ R5-08: adapter file exists

--- MUT-1-hmac ---
  ✅ MUT-1: HMAC check alive

--- MUT-2-ownership ---
  ✅ MUT-2: ownership check alive

--- MUT-3-nonce ---
  ✅ MUT-3a: first upload RECEIVED
  ✅ MUT-3b: nonce replay REJECTED

--- MUT-4-sha ---
  ✅ MUT-4: delta SHA verification alive

--- MUT-5-rc3 ---
  ✅ MUT-5: RC3 join check alive

============================================================
  Resultat: 45/45 PASS, 0 FAIL
  Timeouts: 0
============================================================
============================================================
  RC5.1-R10 — Tests
============================================================

--- R6-01-e2e ---
[SPLIT SERVER] 127.0.0.1:18802  d_model=32
  ✅ R6-01: step.open
  ✅ R6-01: step.embedding
/root/meshtrainer/rc5_split_server.py:230: UserWarning: The given buffer is not writable, and PyTorch does not support non-writable tensors. This means you can write to the underlying (supposedly non-writable) buffer using the tensor. You may want to copy the buffer to protect its data or make it writable before converting it to a tensor. This type of warning will be suppressed for the rest of this program. (Triggered internally at /__w/pytorch/pytorch/torch/csrc/utils/tensor_new.cpp:1556.)
  act = torch.frombuffer(base64.b64decode(act_b64), dtype=torch.float32).reshape(1, -1)
  ✅ R6-01: step.cut_activation
  ✅ R6-01: step.cut_gradient
  ✅ R6-01: loss
  ✅ R6-01: step.commit
  ✅ R6-01: receipt
  ✅ R6-01: delta non-zero (not zero-SHA)
  DEBUG: delta_sha[:16]=8db590f119444001, zero_sha[:16]=ad7facb2586fc6e9, match=False
  ✅ R6-01: delta != zero-tensor SHA

--- R6-02-revisions ---
  ✅ R6-A: v1 ACTIVE
  ✅ R6-A: v2 RECEIVED
  ✅ R6-B: v1 still ACTIVE
  ✅ R6-B: v2 VALIDATED
  ✅ R6-C: v1 SUPERSEDED
  ✅ R6-C: v2 ACTIVE
  ✅ R6-D: v2 still ACTIVE
  ✅ R6-D: 1 aggregated

--- R6-03-negative ---
  ✅ R6-03-1: SHA diff
  ✅ R6-03-2: bytes diff
  ✅ R6-03-3: SHA absent
  ✅ R6-03-4: 63 chars
  ✅ R6-03-5: non-hex
  ✅ R6-03-6: b64 absent
  ✅ R6-03-7: bad b64
  ✅ R6-03-8: byte alter
  ✅ R6-03-9: nonces not consumed after reject
  ✅ R6-03-10a: first fail nonce not consumed
  ✅ R6-03-10b: second success nonce exists
  ✅ R6-03-10c: retry OK

--- R6-05-split-direct ---
[SPLIT SERVER] 127.0.0.1:18803  d_model=32
  ✅ R6-05-1: alien -32003
  ✅ R6-05-2: illegal transition -32003
============================================================
  Resultat: 31/31 PASS, 0 FAIL
  COUNTS: {'protocol': 0, 'security': 2, 'integrity': 12, 'numerical': 0, 'ledger': 8, 'persistence': 0, 'e2e': 9}
============================================================

============================================
  Normal: Run 1=PASS, Run 2=PASS
  R6:     Run 1=PASS, Run 2=PASS
  Timeouts: 0
  Flaky: 0
  Mandatory skips: 0
============================================
  [15/20] RC5.1 Run 2: PASS
=== [16/20] RC5.1 mutation ===
============================================
  RC5.1 R9 — REAL MUTATION GATE
============================================

=== BASELINE ===
  py_compile: PASS
  Baseline normal: PASS
  Baseline R6: PASS
  Baseline: PASS
  MUT-01-zero-delta: DETECTED (normal=0, r6=1)
MUT-02 applied
  MUT-02-no-superseded: DETECTED (normal=0, r6=1)
  MUT-03-no-sha-bytes: DETECTED (normal=1, r6=1)
  MUT-04-transitions-open: DETECTED (normal=0, r6=1)
  MUT-05-ownership-open: DETECTED (normal=0, r6=1)

============================================
MUT-01-zero-delta: DETECTED
MUT-02-no-superseded: DETECTED
MUT-03-no-sha-bytes: DETECTED
MUT-04-transitions-open: DETECTED
MUT-05-ownership-open: DETECTED

Mutation score: 5/5
Invalid mutants: 0
Runtime-invalid mutants: 0
Not applied: 0
Timeouts: 0
============================================
  [16/20] RC5.1 mutation: PASS
=== [17/20] restart subprocess ===
/root/meshtrainer/rc5_2_tensor_bundle.py:71: UserWarning: The given buffer is not writable, and PyTorch does not support non-writable tensors. This means you can write to the underlying (supposedly non-writable) buffer using the tensor. You may want to copy the buffer to protect its data or make it writable before converting it to a tensor. This type of warning will be suppressed for the rest of this program. (Triggered internally at /__w/pytorch/pytorch/torch/csrc/utils/tensor_new.cpp:1556.)
  arr = torch.frombuffer(chunk, dtype=torch.float32).reshape(t["shape"]).clone()
  ✅ P1: worker A process OK (COMMITTED)
  ✅ P2: worker B process OK (after restart)
  ✅ P3: receipt recovered byte-for-byte
  ✅ P4: upload idempotent after restart
  ✅ P5: round closed after restart
  ✅ P6: restart adapter == no-restart adapter
restart subprocess: PASS
  restart subprocess: PASS
=== [18/20] controlled-failure ===
  controlled-failure: PASS (suite FAIL detected)
=== [19/20] manifest ===
mutants_r53/mut_r3_01_superseded.py: OK
mutants_r53/mut_r3_02_ignore_ett.py: OK
mutants_r53/mut_r3_03_omit_active.py: OK
mutants_r53/mut_r3_04_apply_twice.py: OK
mutants_r53/mut_r3_05_stale_adapter.py: OK
mutants_r53/mut_r3_06_ignore_model_hash.py: OK
mutants_r53/mut_r3_07_ignore_budget.py: OK
mutants_r53/mut_r3_08_round2_old_adapter.py: OK
mutants_r53/mut_r3_09_cross_worker.py: OK
mutants_r53/mut_r3_10_close_early.py: OK
mutants_r53/mut_r3_11_order_dep.py: OK
mutants_r53/mut_r3_12_dup_assignment.py: OK
r6_tests.py: OK
rc5_2_adversarial_tests.py: OK
rc5_2_artifacts.py: OK
rc5_2_canonical.py: OK
rc5_2_coordinator.py: OK
rc5_2_db.py: OK
rc5_2_http_server.py: OK
rc5_2_jsonrpc.py: OK
rc5_2_lora.py: OK
rc5_2_numerical_adapter.py: OK
rc5_2_numerical_models.py: OK
rc5_2_numerical_profile.py: OK
rc5_2_phase1_tests.py: OK
rc5_2_phase2_tests.py: OK
RC5_2_R12_CLOSEOUT_REPORT.md: OK
rc5_2_receipt.py: OK
rc5_2_split_server.py: OK
rc5_2_state.py: OK
rc5_2_tensor_bundle.py: OK
rc5_2_tensor_envelope.py: OK
rc5_2_worker_runtime.py: OK
RC5_3_ADVERSARIAL_REPORT.md: OK
rc5_3_adversarial_tests.py: OK
RC5_3_FINAL_REPORT.md: OK
rc5_3_multiworker.py: OK
RC5_3_MUTATION_REPORT.md: OK
RC5_3_RISK_REGISTER.md: OK
RC5_3_TEST_MATRIX.md: OK
rc5_3_tests.py: OK
RUN_RC5_1_MUTATION_GATE.sh: OK
RUN_RC5_1_TESTS.sh: OK
RUN_RC5_2_PHASE1_FINAL_GATE.sh: OK
RUN_RC5_2_PHASE1_MUTATION_GATE.sh: OK
RUN_RC5_2_PHASE1_TESTS.sh: OK
RUN_RC5_2_PHASE2_ADVERSARIAL_GATE.sh: OK
RUN_RC5_2_PHASE2_FINAL_GATE.sh: OK
RUN_RC5_2_PHASE2_MUTATION_GATE.sh: OK
RUN_RC5_2_PHASE2_PREDELIVERY.sh: OK
RUN_RC5_2_PHASE2_TESTS.sh: OK
RUN_RC5_3_ADVERSARIAL_GATE.sh: OK
RUN_RC5_3_FINAL_GATE.sh: OK
RUN_RC5_3_MUTATION_GATE.sh: OK
RUN_RC5_3_TESTS.sh: OK
  manifest: PASS (ALL FILES OK)
=== [20/20] clean extraction ===
  clean extraction: NOT EXECUTED (no tarball yet)
============================================
  RC5.3 COMBINED GATE — Overall: PASS
============================================
